Component: ARM Compiler 5.06 update 7 (build 960) Tool: armlink [4d3601]

==============================================================================

Section Cross References

    gd32f4xx_it.o(i.SysTick_Handler) refers to systick.o(i.delay_decrement) for delay_decrement
    main.o(i.add) refers to printfa.o(i.__0printf) for __2printf
    main.o(i.main) refers to gd32f450i_eval.o(i.gd_eval_led_init) for gd_eval_led_init
    main.o(i.main) refers to drv_uart.o(i.com_init) for com_init
    main.o(i.main) refers to systick.o(i.systick_config) for systick_config
    main.o(shellCommand) refers to main.o(.constdata) for shellCmdadd
    main.o(shellCommand) refers to main.o(i.add) for add
    systick.o(i.delay_1ms) refers to systick.o(.data) for delay
    systick.o(i.delay_decrement) refers to systick.o(.data) for delay
    systick.o(i.systick_config) refers to systick.o(i.NVIC_SetPriority) for NVIC_SetPriority
    systick.o(i.systick_config) refers to system_gd32f4xx.o(.data) for SystemCoreClock
    system_gd32f4xx.o(i.SystemCoreClockUpdate) refers to system_gd32f4xx.o(.data) for SystemCoreClock
    system_gd32f4xx.o(i.SystemInit) refers to system_gd32f4xx.o(i.system_clock_config) for system_clock_config
    system_gd32f4xx.o(i.system_clock_config) refers to system_gd32f4xx.o(i.system_clock_200m_25m_hxtal) for system_clock_200m_25m_hxtal
    gd32f4xx_rtc.o(i.rtc_coarse_calibration_config) refers to gd32f4xx_rtc.o(i.rtc_init_mode_enter) for rtc_init_mode_enter
    gd32f4xx_rtc.o(i.rtc_coarse_calibration_config) refers to gd32f4xx_rtc.o(i.rtc_init_mode_exit) for rtc_init_mode_exit
    gd32f4xx_rtc.o(i.rtc_coarse_calibration_disable) refers to gd32f4xx_rtc.o(i.rtc_init_mode_enter) for rtc_init_mode_enter
    gd32f4xx_rtc.o(i.rtc_coarse_calibration_disable) refers to gd32f4xx_rtc.o(i.rtc_init_mode_exit) for rtc_init_mode_exit
    gd32f4xx_rtc.o(i.rtc_coarse_calibration_enable) refers to gd32f4xx_rtc.o(i.rtc_init_mode_enter) for rtc_init_mode_enter
    gd32f4xx_rtc.o(i.rtc_coarse_calibration_enable) refers to gd32f4xx_rtc.o(i.rtc_init_mode_exit) for rtc_init_mode_exit
    gd32f4xx_rtc.o(i.rtc_deinit) refers to gd32f4xx_rtc.o(i.rtc_init_mode_enter) for rtc_init_mode_enter
    gd32f4xx_rtc.o(i.rtc_deinit) refers to gd32f4xx_rtc.o(i.rtc_register_sync_wait) for rtc_register_sync_wait
    gd32f4xx_rtc.o(i.rtc_init) refers to gd32f4xx_rtc.o(i.rtc_init_mode_enter) for rtc_init_mode_enter
    gd32f4xx_rtc.o(i.rtc_init) refers to gd32f4xx_rtc.o(i.rtc_init_mode_exit) for rtc_init_mode_exit
    gd32f4xx_rtc.o(i.rtc_init) refers to gd32f4xx_rtc.o(i.rtc_register_sync_wait) for rtc_register_sync_wait
    gd32f4xx_rtc.o(i.rtc_refclock_detection_disable) refers to gd32f4xx_rtc.o(i.rtc_init_mode_enter) for rtc_init_mode_enter
    gd32f4xx_rtc.o(i.rtc_refclock_detection_disable) refers to gd32f4xx_rtc.o(i.rtc_init_mode_exit) for rtc_init_mode_exit
    gd32f4xx_rtc.o(i.rtc_refclock_detection_enable) refers to gd32f4xx_rtc.o(i.rtc_init_mode_enter) for rtc_init_mode_enter
    gd32f4xx_rtc.o(i.rtc_refclock_detection_enable) refers to gd32f4xx_rtc.o(i.rtc_init_mode_exit) for rtc_init_mode_exit
    gd32f4xx_rtc.o(i.rtc_second_adjust) refers to gd32f4xx_rtc.o(i.rtc_register_sync_wait) for rtc_register_sync_wait
    gd32f4xx_dci.o(i.dci_deinit) refers to gd32f4xx_rcu.o(i.rcu_periph_reset_enable) for rcu_periph_reset_enable
    gd32f4xx_dci.o(i.dci_deinit) refers to gd32f4xx_rcu.o(i.rcu_periph_reset_disable) for rcu_periph_reset_disable
    gd32f4xx_gpio.o(i.gpio_deinit) refers to gd32f4xx_rcu.o(i.rcu_periph_reset_enable) for rcu_periph_reset_enable
    gd32f4xx_gpio.o(i.gpio_deinit) refers to gd32f4xx_rcu.o(i.rcu_periph_reset_disable) for rcu_periph_reset_disable
    gd32f4xx_rcu.o(i.rcu_deinit) refers to gd32f4xx_rcu.o(i.rcu_osci_stab_wait) for rcu_osci_stab_wait
    gd32f4xx_rcu.o(i.rcu_osci_stab_wait) refers to gd32f4xx_rcu.o(i.rcu_flag_get) for rcu_flag_get
    gd32f4xx_trng.o(i.trng_deinit) refers to gd32f4xx_rcu.o(i.rcu_periph_reset_enable) for rcu_periph_reset_enable
    gd32f4xx_trng.o(i.trng_deinit) refers to gd32f4xx_rcu.o(i.rcu_periph_reset_disable) for rcu_periph_reset_disable
    gd32f4xx_adc.o(i.adc_deinit) refers to gd32f4xx_rcu.o(i.rcu_periph_reset_enable) for rcu_periph_reset_enable
    gd32f4xx_adc.o(i.adc_deinit) refers to gd32f4xx_rcu.o(i.rcu_periph_reset_disable) for rcu_periph_reset_disable
    gd32f4xx_can.o(i.can_debug_freeze_disable) refers to gd32f4xx_dbg.o(i.dbg_periph_disable) for dbg_periph_disable
    gd32f4xx_can.o(i.can_debug_freeze_enable) refers to gd32f4xx_dbg.o(i.dbg_periph_enable) for dbg_periph_enable
    gd32f4xx_can.o(i.can_deinit) refers to gd32f4xx_rcu.o(i.rcu_periph_reset_enable) for rcu_periph_reset_enable
    gd32f4xx_can.o(i.can_deinit) refers to gd32f4xx_rcu.o(i.rcu_periph_reset_disable) for rcu_periph_reset_disable
    gd32f4xx_can.o(i.can_interrupt_flag_get) refers to gd32f4xx_can.o(i.can_receive_message_length_get) for can_receive_message_length_get
[...]
    Removing gd32f4xx_iref.o(i.iref_mode_set), (28 bytes).
    Removing gd32f4xx_iref.o(i.iref_precision_trim_value_set), (28 bytes).
    Removing gd32f4xx_iref.o(i.iref_sink_set), (28 bytes).
    Removing gd32f4xx_iref.o(i.iref_step_data_config), (28 bytes).
    Removing gd32f4xx_misc.o(.rev16_text), (4 bytes).
    Removing gd32f4xx_misc.o(.revsh_text), (4 bytes).
    Removing gd32f4xx_misc.o(i.nvic_irq_disable), (24 bytes).
    Removing gd32f4xx_misc.o(i.nvic_vector_table_set), (20 bytes).
    Removing gd32f4xx_misc.o(i.system_lowpower_reset), (16 bytes).
    Removing gd32f4xx_misc.o(i.system_lowpower_set), (16 bytes).
    Removing gd32f4xx_misc.o(i.systick_clksource_set), (40 bytes).
    Removing gd32f4xx_pmu.o(.rev16_text), (4 bytes).
    Removing gd32f4xx_pmu.o(.revsh_text), (4 bytes).
    Removing gd32f4xx_pmu.o(i.pmu_backup_ldo_config), (28 bytes).
    Removing gd32f4xx_pmu.o(i.pmu_backup_write_disable), (20 bytes).
    Removing gd32f4xx_pmu.o(i.pmu_backup_write_enable), (20 bytes).
    Removing gd32f4xx_pmu.o(i.pmu_deinit), (20 bytes).
    Removing gd32f4xx_pmu.o(i.pmu_flag_get), (24 bytes).
    Removing gd32f4xx_pmu.o(i.pmu_flag_reset), (48 bytes).
    Removing gd32f4xx_pmu.o(i.pmu_highdriver_mode_disable), (20 bytes).
    Removing gd32f4xx_pmu.o(i.pmu_highdriver_mode_enable), (20 bytes).
    Removing gd32f4xx_pmu.o(i.pmu_highdriver_switch_select), (44 bytes).
    Removing gd32f4xx_pmu.o(i.pmu_ldo_output_select), (28 bytes).
    Removing gd32f4xx_pmu.o(i.pmu_low_driver_mode_enable), (28 bytes).
    Removing gd32f4xx_pmu.o(i.pmu_lowdriver_lowpower_config), (28 bytes).
    Removing gd32f4xx_pmu.o(i.pmu_lowdriver_normalpower_config), (28 bytes).
    Removing gd32f4xx_pmu.o(i.pmu_lvd_disable), (20 bytes).
    Removing gd32f4xx_pmu.o(i.pmu_lvd_select), (48 bytes).
    Removing gd32f4xx_pmu.o(i.pmu_to_deepsleepmode), (196 bytes).
    Removing gd32f4xx_pmu.o(i.pmu_to_sleepmode), (28 bytes).
    Removing gd32f4xx_pmu.o(i.pmu_to_standbymode), (56 bytes).
    Removing gd32f4xx_pmu.o(i.pmu_wakeup_pin_disable), (20 bytes).
    Removing gd32f4xx_pmu.o(i.pmu_wakeup_pin_enable), (20 bytes).
    Removing gd32f4xx_pmu.o(.bss), (16 bytes).
    Removing gd32f4xx_sdio.o(.rev16_text), (4 bytes).
    Removing gd32f4xx_sdio.o(.revsh_text), (4 bytes).
    Removing gd32f4xx_sdio.o(i.sdio_bus_mode_set), (28 bytes).
    Removing gd32f4xx_sdio.o(i.sdio_ceata_command_completion_disable), (20 bytes).
    Removing gd32f4xx_sdio.o(i.sdio_ceata_command_completion_enable), (20 bytes).
    Removing gd32f4xx_sdio.o(i.sdio_ceata_command_disable), (20 bytes).
    Removing gd32f4xx_sdio.o(i.sdio_ceata_command_enable), (20 bytes).
    Removing gd32f4xx_sdio.o(i.sdio_ceata_interrupt_disable), (20 bytes).
    Removing gd32f4xx_sdio.o(i.sdio_ceata_interrupt_enable), (20 bytes).
    Removing gd32f4xx_sdio.o(i.sdio_clock_config), (52 bytes).
    Removing gd32f4xx_sdio.o(i.sdio_clock_disable), (20 bytes).
    Removing gd32f4xx_sdio.o(i.sdio_clock_enable), (20 bytes).
    Removing gd32f4xx_sdio.o(i.sdio_command_index_get), (12 bytes).
    Removing gd32f4xx_sdio.o(i.sdio_command_response_config), (56 bytes).
    Removing gd32f4xx_sdio.o(i.sdio_csm_disable), (20 bytes).
    Removing gd32f4xx_sdio.o(i.sdio_csm_enable), (20 bytes).
    Removing gd32f4xx_sdio.o(i.sdio_data_config), (60 bytes).
    Removing gd32f4xx_sdio.o(i.sdio_data_counter_get), (12 bytes).
    Removing gd32f4xx_sdio.o(i.sdio_data_read), (12 bytes).
    Removing gd32f4xx_sdio.o(i.sdio_data_transfer_config), (28 bytes).
    Removing gd32f4xx_sdio.o(i.sdio_data_write), (12 bytes).
    Removing gd32f4xx_sdio.o(i.sdio_deinit), (20 bytes).
    Removing gd32f4xx_sdio.o(i.sdio_dma_disable), (20 bytes).
    Removing gd32f4xx_sdio.o(i.sdio_dma_enable), (20 bytes).
    Removing gd32f4xx_sdio.o(i.sdio_dsm_disable), (20 bytes).
    Removing gd32f4xx_sdio.o(i.sdio_dsm_enable), (20 bytes).
    Removing gd32f4xx_sdio.o(i.sdio_fifo_counter_get), (12 bytes).
    Removing gd32f4xx_sdio.o(i.sdio_flag_clear), (12 bytes).
    Removing gd32f4xx_sdio.o(i.sdio_flag_get), (20 bytes).
    Removing gd32f4xx_sdio.o(i.sdio_hardware_clock_disable), (20 bytes).
    Removing gd32f4xx_sdio.o(i.sdio_hardware_clock_enable), (20 bytes).
    Removing gd32f4xx_sdio.o(i.sdio_interrupt_disable), (16 bytes).
    Removing gd32f4xx_sdio.o(i.sdio_interrupt_enable), (16 bytes).
    Removing gd32f4xx_sdio.o(i.sdio_interrupt_flag_clear), (12 bytes).
    Removing gd32f4xx_sdio.o(i.sdio_interrupt_flag_get), (20 bytes).
    Removing gd32f4xx_sdio.o(i.sdio_operation_disable), (20 bytes).
    Removing gd32f4xx_sdio.o(i.sdio_operation_enable), (20 bytes).
    Removing gd32f4xx_sdio.o(i.sdio_power_state_get), (12 bytes).
    Removing gd32f4xx_sdio.o(i.sdio_power_state_set), (12 bytes).
    Removing gd32f4xx_sdio.o(i.sdio_readwait_disable), (20 bytes).
    Removing gd32f4xx_sdio.o(i.sdio_readwait_enable), (20 bytes).
    Removing gd32f4xx_sdio.o(i.sdio_readwait_type_set), (40 bytes).
    Removing gd32f4xx_sdio.o(i.sdio_response_get), (60 bytes).
    Removing gd32f4xx_sdio.o(i.sdio_stop_readwait_disable), (20 bytes).
    Removing gd32f4xx_sdio.o(i.sdio_stop_readwait_enable), (20 bytes).
    Removing gd32f4xx_sdio.o(i.sdio_suspend_disable), (20 bytes).
    Removing gd32f4xx_sdio.o(i.sdio_suspend_enable), (20 bytes).
    Removing gd32f4xx_sdio.o(i.sdio_wait_type_set), (28 bytes).
    Removing gd32f4xx_spi.o(.rev16_text), (4 bytes).
    Removing gd32f4xx_spi.o(.revsh_text), (4 bytes).
    Removing gd32f4xx_spi.o(i.i2s_disable), (10 bytes).
    Removing gd32f4xx_spi.o(i.i2s_enable), (10 bytes).
    Removing gd32f4xx_spi.o(i.i2s_full_duplex_mode_config), (48 bytes).
    Removing gd32f4xx_spi.o(i.i2s_init), (28 bytes).
    Removing gd32f4xx_spi.o(i.i2s_psc_config), (292 bytes).
    Removing gd32f4xx_spi.o(i.qspi_disable), (14 bytes).
    Removing gd32f4xx_spi.o(i.qspi_enable), (14 bytes).
    Removing gd32f4xx_spi.o(i.qspi_io23_output_disable), (14 bytes).
    Removing gd32f4xx_spi.o(i.qspi_io23_output_enable), (14 bytes).
    Removing gd32f4xx_spi.o(i.qspi_read_enable), (14 bytes).
    Removing gd32f4xx_spi.o(i.qspi_write_enable), (14 bytes).
    Removing gd32f4xx_spi.o(i.spi_bidirectional_transfer_config), (26 bytes).
    Removing gd32f4xx_spi.o(i.spi_crc_error_clear), (10 bytes).
    Removing gd32f4xx_spi.o(i.spi_crc_get), (16 bytes).
    Removing gd32f4xx_spi.o(i.spi_crc_next), (10 bytes).
    Removing gd32f4xx_spi.o(i.spi_crc_off), (10 bytes).
    Removing gd32f4xx_spi.o(i.spi_crc_on), (10 bytes).
    Removing gd32f4xx_spi.o(i.spi_crc_polynomial_get), (8 bytes).
    Removing gd32f4xx_spi.o(i.spi_crc_polynomial_set), (4 bytes).
    Removing gd32f4xx_spi.o(i.spi_disable), (10 bytes).
    Removing gd32f4xx_spi.o(i.spi_dma_disable), (22 bytes).
    Removing gd32f4xx_spi.o(i.spi_dma_enable), (22 bytes).
    Removing gd32f4xx_spi.o(i.spi_enable), (10 bytes).
    Removing gd32f4xx_spi.o(i.spi_i2s_data_frame_format_config), (16 bytes).
    Removing gd32f4xx_spi.o(i.spi_i2s_data_receive), (8 bytes).
    Removing gd32f4xx_spi.o(i.spi_i2s_data_transmit), (4 bytes).
    Removing gd32f4xx_spi.o(i.spi_i2s_deinit), (172 bytes).
    Removing gd32f4xx_spi.o(i.spi_i2s_flag_get), (16 bytes).
    Removing gd32f4xx_spi.o(i.spi_i2s_interrupt_disable), (48 bytes).
    Removing gd32f4xx_spi.o(i.spi_i2s_interrupt_enable), (48 bytes).
    Removing gd32f4xx_spi.o(i.spi_i2s_interrupt_flag_get), (112 bytes).
    Removing gd32f4xx_spi.o(i.spi_init), (50 bytes).
    Removing gd32f4xx_spi.o(i.spi_nss_internal_high), (10 bytes).
    Removing gd32f4xx_spi.o(i.spi_nss_internal_low), (10 bytes).
    Removing gd32f4xx_spi.o(i.spi_nss_output_disable), (10 bytes).
    Removing gd32f4xx_spi.o(i.spi_nss_output_enable), (10 bytes).
    Removing gd32f4xx_spi.o(i.spi_struct_para_init), (18 bytes).
    Removing gd32f4xx_spi.o(i.spi_ti_mode_disable), (10 bytes).
    Removing gd32f4xx_spi.o(i.spi_ti_mode_enable), (10 bytes).
    Removing gd32f4xx_syscfg.o(.rev16_text), (4 bytes).
    Removing gd32f4xx_syscfg.o(.revsh_text), (4 bytes).
    Removing gd32f4xx_syscfg.o(i.syscfg_bootmode_config), (28 bytes).
    Removing gd32f4xx_syscfg.o(i.syscfg_compensation_config), (24 bytes).
    Removing gd32f4xx_syscfg.o(i.syscfg_deinit), (20 bytes).
    Removing gd32f4xx_syscfg.o(i.syscfg_enet_phy_interface_config), (24 bytes).
    Removing gd32f4xx_syscfg.o(i.syscfg_exmc_swap_config), (24 bytes).
    Removing gd32f4xx_syscfg.o(i.syscfg_exti_line_config), (172 bytes).
    Removing gd32f4xx_syscfg.o(i.syscfg_flag_get), (24 bytes).
    Removing gd32f4xx_syscfg.o(i.syscfg_fmc_swap_config), (24 bytes).
    Removing gd32f4xx_timer.o(.rev16_text), (4 bytes).
    Removing gd32f4xx_timer.o(.revsh_text), (4 bytes).
    Removing gd32f4xx_timer.o(i.timer_auto_reload_shadow_disable), (10 bytes).
    Removing gd32f4xx_timer.o(i.timer_auto_reload_shadow_enable), (10 bytes).
    Removing gd32f4xx_timer.o(i.timer_automatic_output_disable), (10 bytes).
    Removing gd32f4xx_timer.o(i.timer_automatic_output_enable), (10 bytes).
    Removing gd32f4xx_timer.o(i.timer_autoreload_value_config), (4 bytes).
    Removing gd32f4xx_timer.o(i.timer_break_config), (30 bytes).
    Removing gd32f4xx_timer.o(i.timer_break_disable), (10 bytes).
    Removing gd32f4xx_timer.o(i.timer_break_enable), (10 bytes).
    Removing gd32f4xx_timer.o(i.timer_break_struct_para_init), (18 bytes).
    Removing gd32f4xx_timer.o(i.timer_channel_capture_value_register_read), (42 bytes).
    Removing gd32f4xx_timer.o(i.timer_channel_complementary_output_polarity_config), (70 bytes).
    Removing gd32f4xx_timer.o(i.timer_channel_complementary_output_state_config), (70 bytes).
    Removing gd32f4xx_timer.o(i.timer_channel_control_shadow_config), (24 bytes).
    Removing gd32f4xx_timer.o(i.timer_channel_control_shadow_update_config), (26 bytes).
    Removing gd32f4xx_timer.o(i.timer_channel_dma_request_source_select), (26 bytes).
    Removing gd32f4xx_timer.o(i.timer_channel_input_capture_prescaler_config), (90 bytes).
    Removing gd32f4xx_timer.o(i.timer_channel_input_struct_para_init), (16 bytes).
    Removing gd32f4xx_timer.o(i.timer_channel_output_clear_config), (90 bytes).
    Removing gd32f4xx_timer.o(i.timer_channel_output_config), (492 bytes).
    Removing gd32f4xx_timer.o(i.timer_channel_output_fast_config), (90 bytes).
    Removing gd32f4xx_timer.o(i.timer_channel_output_mode_config), (90 bytes).
    Removing gd32f4xx_timer.o(i.timer_channel_output_polarity_config), (92 bytes).
    Removing gd32f4xx_timer.o(i.timer_channel_output_pulse_value_config), (38 bytes).
    Removing gd32f4xx_timer.o(i.timer_channel_output_shadow_config), (90 bytes).
    Removing gd32f4xx_timer.o(i.timer_channel_output_state_config), (92 bytes).
    Removing gd32f4xx_timer.o(i.timer_channel_output_struct_para_init), (16 bytes).
    Removing gd32f4xx_timer.o(i.timer_channel_remap_config), (4 bytes).
    Removing gd32f4xx_timer.o(i.timer_counter_alignment), (16 bytes).
    Removing gd32f4xx_timer.o(i.timer_counter_down_direction), (10 bytes).
    Removing gd32f4xx_timer.o(i.timer_counter_read), (8 bytes).
    Removing gd32f4xx_timer.o(i.timer_counter_up_direction), (10 bytes).
    Removing gd32f4xx_timer.o(i.timer_counter_value_config), (4 bytes).
    Removing gd32f4xx_timer.o(i.timer_deinit), (388 bytes).
    Removing gd32f4xx_timer.o(i.timer_disable), (10 bytes).
    Removing gd32f4xx_timer.o(i.timer_dma_disable), (8 bytes).
    Removing gd32f4xx_timer.o(i.timer_dma_enable), (8 bytes).
    Removing gd32f4xx_timer.o(i.timer_dma_transfer_config), (24 bytes).
    Removing gd32f4xx_timer.o(i.timer_enable), (10 bytes).
    Removing gd32f4xx_timer.o(i.timer_event_software_generate), (8 bytes).
    Removing gd32f4xx_timer.o(i.timer_external_clock_mode0_config), (40 bytes).
    Removing gd32f4xx_timer.o(i.timer_external_clock_mode1_config), (32 bytes).
    Removing gd32f4xx_timer.o(i.timer_external_clock_mode1_disable), (10 bytes).
    Removing gd32f4xx_timer.o(i.timer_external_trigger_as_external_clock_config), (166 bytes).
    Removing gd32f4xx_timer.o(i.timer_external_trigger_config), (30 bytes).
    Removing gd32f4xx_timer.o(i.timer_flag_clear), (6 bytes).
    Removing gd32f4xx_timer.o(i.timer_flag_get), (16 bytes).
    Removing gd32f4xx_timer.o(i.timer_hall_mode_config), (26 bytes).
    Removing gd32f4xx_timer.o(i.timer_init), (152 bytes).
    Removing gd32f4xx_timer.o(i.timer_input_capture_config), (326 bytes).
    Removing gd32f4xx_timer.o(i.timer_input_pwm_capture_config), (356 bytes).
    Removing gd32f4xx_timer.o(i.timer_input_trigger_source_select), (16 bytes).
    Removing gd32f4xx_timer.o(i.timer_internal_clock_config), (10 bytes).
    Removing gd32f4xx_timer.o(i.timer_internal_trigger_as_external_clock_config), (32 bytes).
    Removing gd32f4xx_timer.o(i.timer_interrupt_disable), (8 bytes).
    Removing gd32f4xx_timer.o(i.timer_interrupt_enable), (8 bytes).
    Removing gd32f4xx_timer.o(i.timer_interrupt_flag_clear), (6 bytes).
    Removing gd32f4xx_timer.o(i.timer_interrupt_flag_get), (24 bytes).
    Removing gd32f4xx_timer.o(i.timer_master_output_trigger_source_select), (16 bytes).
    Removing gd32f4xx_timer.o(i.timer_master_slave_mode_config), (26 bytes).
    Removing gd32f4xx_timer.o(i.timer_output_value_selection_config), (34 bytes).
    Removing gd32f4xx_timer.o(i.timer_prescaler_config), (14 bytes).
    Removing gd32f4xx_timer.o(i.timer_prescaler_read), (10 bytes).
    Removing gd32f4xx_timer.o(i.timer_primary_output_config), (24 bytes).
    Removing gd32f4xx_timer.o(i.timer_quadrature_decoder_mode_config), (64 bytes).
    Removing gd32f4xx_timer.o(i.timer_repetition_value_config), (4 bytes).
    Removing gd32f4xx_timer.o(i.timer_single_pulse_mode_config), (26 bytes).
    Removing gd32f4xx_timer.o(i.timer_slave_mode_select), (16 bytes).
    Removing gd32f4xx_timer.o(i.timer_struct_para_init), (22 bytes).
    Removing gd32f4xx_timer.o(i.timer_update_event_disable), (10 bytes).
    Removing gd32f4xx_timer.o(i.timer_update_event_enable), (10 bytes).
    Removing gd32f4xx_timer.o(i.timer_update_source_config), (26 bytes).
    Removing gd32f4xx_timer.o(i.timer_write_chxval_register_config), (34 bytes).
    Removing gd32f4xx_tli.o(.rev16_text), (4 bytes).
    Removing gd32f4xx_tli.o(.revsh_text), (4 bytes).
    Removing gd32f4xx_tli.o(i.tli_color_key_disable), (14 bytes).
    Removing gd32f4xx_tli.o(i.tli_color_key_enable), (14 bytes).
    Removing gd32f4xx_tli.o(i.tli_color_key_init), (16 bytes).
    Removing gd32f4xx_tli.o(i.tli_current_pos_get), (12 bytes).
    Removing gd32f4xx_tli.o(i.tli_deinit), (20 bytes).
    Removing gd32f4xx_tli.o(i.tli_disable), (20 bytes).
    Removing gd32f4xx_tli.o(i.tli_dither_config), (36 bytes).
    Removing gd32f4xx_tli.o(i.tli_enable), (20 bytes).
    Removing gd32f4xx_tli.o(i.tli_flag_get), (36 bytes).
    Removing gd32f4xx_tli.o(i.tli_init), (188 bytes).
    Removing gd32f4xx_tli.o(i.tli_interrupt_disable), (16 bytes).
    Removing gd32f4xx_tli.o(i.tli_interrupt_enable), (16 bytes).
    Removing gd32f4xx_tli.o(i.tli_interrupt_flag_clear), (16 bytes).
    Removing gd32f4xx_tli.o(i.tli_interrupt_flag_get), (36 bytes).
    Removing gd32f4xx_tli.o(i.tli_layer_disable), (14 bytes).
    Removing gd32f4xx_tli.o(i.tli_layer_enable), (14 bytes).
    Removing gd32f4xx_tli.o(i.tli_layer_init), (152 bytes).
    Removing gd32f4xx_tli.o(i.tli_layer_struct_para_init), (48 bytes).
    Removing gd32f4xx_tli.o(i.tli_layer_window_offset_modify), (228 bytes).
    Removing gd32f4xx_tli.o(i.tli_line_mark_set), (24 bytes).
    Removing gd32f4xx_tli.o(i.tli_lut_disable), (14 bytes).
    Removing gd32f4xx_tli.o(i.tli_lut_enable), (14 bytes).
    Removing gd32f4xx_tli.o(i.tli_lut_init), (36 bytes).
    Removing gd32f4xx_tli.o(i.tli_lut_struct_para_init), (12 bytes).
    Removing gd32f4xx_tli.o(i.tli_reload_config), (36 bytes).
    Removing gd32f4xx_tli.o(i.tli_struct_para_init), (34 bytes).
    Removing gd32f4xx_usart.o(.rev16_text), (4 bytes).
    Removing gd32f4xx_usart.o(.revsh_text), (4 bytes).
    Removing gd32f4xx_usart.o(i.usart_address_config), (20 bytes).
    Removing gd32f4xx_usart.o(i.usart_block_length_config), (28 bytes).
    Removing gd32f4xx_usart.o(i.usart_break_frame_coherence_config), (24 bytes).
    Removing gd32f4xx_usart.o(i.usart_data_first_config), (20 bytes).
    Removing gd32f4xx_usart.o(i.usart_disable), (10 bytes).
    Removing gd32f4xx_usart.o(i.usart_dma_receive_config), (16 bytes).
    Removing gd32f4xx_usart.o(i.usart_dma_transmit_config), (16 bytes).
    Removing gd32f4xx_usart.o(i.usart_flag_clear), (26 bytes).
    Removing gd32f4xx_usart.o(i.usart_guard_time_config), (24 bytes).
    Removing gd32f4xx_usart.o(i.usart_halfduplex_disable), (10 bytes).
    Removing gd32f4xx_usart.o(i.usart_halfduplex_enable), (10 bytes).
    Removing gd32f4xx_usart.o(i.usart_hardware_flow_coherence_config), (24 bytes).
    Removing gd32f4xx_usart.o(i.usart_hardware_flow_cts_config), (16 bytes).
    Removing gd32f4xx_usart.o(i.usart_hardware_flow_rts_config), (16 bytes).
    Removing gd32f4xx_usart.o(i.usart_interrupt_disable), (26 bytes).
    Removing gd32f4xx_usart.o(i.usart_interrupt_flag_clear), (26 bytes).
    Removing gd32f4xx_usart.o(i.usart_interrupt_flag_get), (56 bytes).
    Removing gd32f4xx_usart.o(i.usart_invert_config), (104 bytes).
    Removing gd32f4xx_usart.o(i.usart_irda_lowpower_config), (20 bytes).
    Removing gd32f4xx_usart.o(i.usart_irda_mode_disable), (10 bytes).
    Removing gd32f4xx_usart.o(i.usart_irda_mode_enable), (10 bytes).
    Removing gd32f4xx_usart.o(i.usart_lin_break_detection_length_config), (20 bytes).
    Removing gd32f4xx_usart.o(i.usart_lin_mode_disable), (10 bytes).
    Removing gd32f4xx_usart.o(i.usart_lin_mode_enable), (10 bytes).
    Removing gd32f4xx_usart.o(i.usart_mute_mode_disable), (10 bytes).
    Removing gd32f4xx_usart.o(i.usart_mute_mode_enable), (10 bytes).
    Removing gd32f4xx_usart.o(i.usart_mute_mode_wakeup_config), (16 bytes).
    Removing gd32f4xx_usart.o(i.usart_oversample_config), (16 bytes).
    Removing gd32f4xx_usart.o(i.usart_parity_check_coherence_config), (24 bytes).
    Removing gd32f4xx_usart.o(i.usart_parity_config), (16 bytes).
    Removing gd32f4xx_usart.o(i.usart_prescaler_config), (16 bytes).
    Removing gd32f4xx_usart.o(i.usart_receiver_timeout_disable), (14 bytes).
    Removing gd32f4xx_usart.o(i.usart_receiver_timeout_enable), (14 bytes).
    Removing gd32f4xx_usart.o(i.usart_receiver_timeout_threshold_config), (20 bytes).
    Removing gd32f4xx_usart.o(i.usart_sample_bit_config), (16 bytes).
    Removing gd32f4xx_usart.o(i.usart_send_break), (10 bytes).
    Removing gd32f4xx_usart.o(i.usart_smartcard_autoretry_config), (26 bytes).
    Removing gd32f4xx_usart.o(i.usart_smartcard_mode_disable), (10 bytes).
    Removing gd32f4xx_usart.o(i.usart_smartcard_mode_enable), (10 bytes).
    Removing gd32f4xx_usart.o(i.usart_smartcard_mode_nack_disable), (10 bytes).
    Removing gd32f4xx_usart.o(i.usart_smartcard_mode_nack_enable), (10 bytes).
    Removing gd32f4xx_usart.o(i.usart_stop_bit_set), (16 bytes).
    Removing gd32f4xx_usart.o(i.usart_synchronous_clock_config), (34 bytes).
    Removing gd32f4xx_usart.o(i.usart_synchronous_clock_disable), (10 bytes).
    Removing gd32f4xx_usart.o(i.usart_synchronous_clock_enable), (10 bytes).
    Removing gd32f4xx_usart.o(i.usart_word_length_set), (16 bytes).
    Removing gd32f4xx_wwdgt.o(.rev16_text), (4 bytes).
    Removing gd32f4xx_wwdgt.o(.revsh_text), (4 bytes).
    Removing gd32f4xx_wwdgt.o(i.wwdgt_config), (56 bytes).
    Removing gd32f4xx_wwdgt.o(i.wwdgt_counter_update), (28 bytes).
    Removing gd32f4xx_wwdgt.o(i.wwdgt_deinit), (20 bytes).
    Removing gd32f4xx_wwdgt.o(i.wwdgt_enable), (20 bytes).
    Removing gd32f4xx_wwdgt.o(i.wwdgt_flag_clear), (20 bytes).
    Removing gd32f4xx_wwdgt.o(i.wwdgt_flag_get), (24 bytes).
    Removing gd32f4xx_wwdgt.o(i.wwdgt_interrupt_enable), (20 bytes).
    Removing startup_gd32f450.o(HEAP), (1024 bytes).
    Removing gd32f450i_eval.o(.rev16_text), (4 bytes).
    Removing gd32f450i_eval.o(.revsh_text), (4 bytes).
    Removing gd32f450i_eval.o(i.gd_eval_com_init), (184 bytes).
    Removing gd32f450i_eval.o(i.gd_eval_key_init), (128 bytes).
    Removing gd32f450i_eval.o(i.gd_eval_key_state_get), (32 bytes).
    Removing gd32f450i_eval.o(i.gd_eval_led_off), (24 bytes).
    Removing gd32f450i_eval.o(i.gd_eval_led_on), (24 bytes).
    Removing gd32f450i_eval.o(i.gd_eval_led_toggle), (24 bytes).
    Removing drv_uart.o(.rev16_text), (4 bytes).
    Removing drv_uart.o(.revsh_text), (4 bytes).
    Removing shell.o(i.shellPrint), (50 bytes).
    Removing shell.o(i.shellSetKeyFuncList), (10 bytes).

910 unused section(s) (total 55266 bytes) removed from the image.

==============================================================================

Image Symbol Table

    Local Symbols

    Symbol Name                              Value     Ov Type        Size  Object(Section)

    ../clib/microlib/division.c              0x00000000   Number         0  uldiv.o ABSOLUTE
    ../clib/microlib/division.c              0x00000000   Number         0  uidiv.o ABSOLUTE
    ../clib/microlib/init/entry.s            0x00000000   Number         0  entry.o ABSOLUTE
    ../clib/microlib/init/entry.s            0x00000000   Number         0  entry2.o ABSOLUTE
    ../clib/microlib/init/entry.s            0x00000000   Number         0  entry5.o ABSOLUTE
    ../clib/microlib/init/entry.s            0x00000000   Number         0  entry7a.o ABSOLUTE
    ../clib/microlib/init/entry.s            0x00000000   Number         0  entry12a.o ABSOLUTE
    ../clib/microlib/init/entry.s            0x00000000   Number         0  entry7b.o ABSOLUTE
    ../clib/microlib/init/entry.s            0x00000000   Number         0  entry12b.o ABSOLUTE
    ../clib/microlib/init/entry.s            0x00000000   Number         0  entry8b.o ABSOLUTE
    ../clib/microlib/init/entry.s            0x00000000   Number         0  entry11b.o ABSOLUTE
    ../clib/microlib/init/entry.s            0x00000000   Number         0  entry9a.o ABSOLUTE
    ../clib/microlib/init/entry.s            0x00000000   Number         0  entry9b.o ABSOLUTE
    ../clib/microlib/init/entry.s            0x00000000   Number         0  entry10a.o ABSOLUTE
    ../clib/microlib/init/entry.s            0x00000000   Number         0  entry10b.o ABSOLUTE
    ../clib/microlib/init/entry.s            0x00000000   Number         0  entry8a.o ABSOLUTE
    ../clib/microlib/init/entry.s            0x00000000   Number         0  entry11a.o ABSOLUTE
    ../clib/microlib/longlong.c              0x00000000   Number         0  llushr.o ABSOLUTE
    ../clib/microlib/longlong.c              0x00000000   Number         0  llsshr.o ABSOLUTE
    ../clib/microlib/longlong.c              0x00000000   Number         0  llshl.o ABSOLUTE
    ../clib/microlib/printf/printf.c         0x00000000   Number         0  printf0.o ABSOLUTE
    ../clib/microlib/printf/printf.c         0x00000000   Number         0  printf1.o ABSOLUTE
    ../clib/microlib/printf/printf.c         0x00000000   Number         0  printfb.o ABSOLUTE
    ../clib/microlib/printf/printf.c         0x00000000   Number         0  printf7.o ABSOLUTE
    ../clib/microlib/printf/printf.c         0x00000000   Number         0  printf6.o ABSOLUTE
    ../clib/microlib/printf/printf.c         0x00000000   Number         0  printf4.o ABSOLUTE
    ../clib/microlib/printf/printf.c         0x00000000   Number         0  printf3.o ABSOLUTE
    ../clib/microlib/printf/printf.c         0x00000000   Number         0  printf2.o ABSOLUTE
    ../clib/microlib/printf/printf.c         0x00000000   Number         0  printf5.o ABSOLUTE
    ../clib/microlib/printf/printf.c         0x00000000   Number         0  printfa.o ABSOLUTE
    ../clib/microlib/printf/printf.c         0x00000000   Number         0  printf8.o ABSOLUTE
    ../clib/microlib/printf/stubs.s          0x00000000   Number         0  stubs.o ABSOLUTE
    ../clib/microlib/stdio/streams.c         0x00000000   Number         0  stdout.o ABSOLUTE
    ../clib/microlib/string/strcmp.c         0x00000000   Number         0  strcmp.o ABSOLUTE
    ../clib/microlib/stubs.s                 0x00000000   Number         0  iusefp.o ABSOLUTE
    ../fplib/microlib/fpadd.c                0x00000000   Number         0  dadd.o ABSOLUTE
    ../fplib/microlib/fpdiv.c                0x00000000   Number         0  ddiv.o ABSOLUTE
    ../fplib/microlib/fpepilogue.c           0x00000000   Number         0  depilogue.o ABSOLUTE
    ../fplib/microlib/fpfix.c                0x00000000   Number         0  dfixul.o ABSOLUTE
    ../fplib/microlib/fpmul.c                0x00000000   Number         0  dmul.o ABSOLUTE
    ..\..\Firmware\CMSIS\GD\GD32F4xx\Source\ARM\startup_gd32f450.s 0x00000000   Number         0  startup_gd32f450.o ABSOLUTE
    ..\..\Firmware\CMSIS\GD\GD32F4xx\Source\system_gd32f4xx.c 0x00000000   Number         0  system_gd32f4xx.o ABSOLUTE
    ..\..\Firmware\GD32F4xx_standard_peripheral\Source\gd32f4xx_adc.c 0x00000000   Number         0  gd32f4xx_adc.o ABSOLUTE
    ..\..\Firmware\GD32F4xx_standard_peripheral\Source\gd32f4xx_can.c 0x00000000   Number         0  gd32f4xx_can.o ABSOLUTE
    ..\..\Firmware\GD32F4xx_standard_peripheral\Source\gd32f4xx_crc.c 0x00000000   Number         0  gd32f4xx_crc.o ABSOLUTE
    ..\..\Firmware\GD32F4xx_standard_peripheral\Source\gd32f4xx_ctc.c 0x00000000   Number         0  gd32f4xx_ctc.o ABSOLUTE
    ..\..\Firmware\GD32F4xx_standard_peripheral\Source\gd32f4xx_dac.c 0x00000000   Number         0  gd32f4xx_dac.o ABSOLUTE
    ..\..\Firmware\GD32F4xx_standard_peripheral\Source\gd32f4xx_dbg.c 0x00000000   Number         0  gd32f4xx_dbg.o ABSOLUTE
    ..\..\Firmware\GD32F4xx_standard_peripheral\Source\gd32f4xx_dci.c 0x00000000   Number         0  gd32f4xx_dci.o ABSOLUTE
    ..\..\Firmware\GD32F4xx_standard_peripheral\Source\gd32f4xx_dma.c 0x00000000   Number         0  gd32f4xx_dma.o ABSOLUTE
    ..\..\Firmware\GD32F4xx_standard_peripheral\Source\gd32f4xx_enet.c 0x00000000   Number         0  gd32f4xx_enet.o ABSOLUTE
    ..\..\Firmware\GD32F4xx_standard_peripheral\Source\gd32f4xx_exmc.c 0x00000000   Number         0  gd32f4xx_exmc.o ABSOLUTE
    ..\..\Firmware\GD32F4xx_standard_peripheral\Source\gd32f4xx_exti.c 0x00000000   Number         0  gd32f4xx_exti.o ABSOLUTE
    ..\..\Firmware\GD32F4xx_standard_peripheral\Source\gd32f4xx_fmc.c 0x00000000   Number         0  gd32f4xx_fmc.o ABSOLUTE
    ..\..\Firmware\GD32F4xx_standard_peripheral\Source\gd32f4xx_fwdgt.c 0x00000000   Number         0  gd32f4xx_fwdgt.o ABSOLUTE
    ..\..\Firmware\GD32F4xx_standard_peripheral\Source\gd32f4xx_gpio.c 0x00000000   Number         0  gd32f4xx_gpio.o ABSOLUTE
    ..\..\Firmware\GD32F4xx_standard_peripheral\Source\gd32f4xx_i2c.c 0x00000000   Number         0  gd32f4xx_i2c.o ABSOLUTE
    ..\..\Firmware\GD32F4xx_standard_peripheral\Source\gd32f4xx_ipa.c 0x00000000   Number         0  gd32f4xx_ipa.o ABSOLUTE
    ..\..\Firmware\GD32F4xx_standard_peripheral\Source\gd32f4xx_iref.c 0x00000000   Number         0  gd32f4xx_iref.o ABSOLUTE
    ..\..\Firmware\GD32F4xx_standard_peripheral\Source\gd32f4xx_misc.c 0x00000000   Number         0  gd32f4xx_misc.o ABSOLUTE
    ..\..\Firmware\GD32F4xx_standard_peripheral\Source\gd32f4xx_pmu.c 0x00000000   Number         0  gd32f4xx_pmu.o ABSOLUTE
    ..\..\Firmware\GD32F4xx_standard_peripheral\Source\gd32f4xx_rcu.c 0x00000000   Number         0  gd32f4xx_rcu.o ABSOLUTE
    ..\..\Firmware\GD32F4xx_standard_peripheral\Source\gd32f4xx_rtc.c 0x00000000   Number         0  gd32f4xx_rtc.o ABSOLUTE
    ..\..\Firmware\GD32F4xx_standard_peripheral\Source\gd32f4xx_sdio.c 0x00000000   Number         0  gd32f4xx_sdio.o ABSOLUTE
    ..\..\Firmware\GD32F4xx_standard_peripheral\Source\gd32f4xx_spi.c 0x00000000   Number         0  gd32f4xx_spi.o ABSOLUTE
    ..\..\Firmware\GD32F4xx_standard_peripheral\Source\gd32f4xx_syscfg.c 0x00000000   Number         0  gd32f4xx_syscfg.o ABSOLUTE
    ..\..\Firmware\GD32F4xx_standard_peripheral\Source\gd32f4xx_timer.c 0x00000000   Number         0  gd32f4xx_timer.o ABSOLUTE
    ..\..\Firmware\GD32F4xx_standard_peripheral\Source\gd32f4xx_tli.c 0x00000000   Number         0  gd32f4xx_tli.o ABSOLUTE
    ..\..\Firmware\GD32F4xx_standard_peripheral\Source\gd32f4xx_trng.c 0x00000000   Number         0  gd32f4xx_trng.o ABSOLUTE
    ..\..\Firmware\GD32F4xx_standard_peripheral\Source\gd32f4xx_usart.c 0x00000000   Number         0  gd32f4xx_usart.o ABSOLUTE
    ..\..\Firmware\GD32F4xx_standard_peripheral\Source\gd32f4xx_wwdgt.c 0x00000000   Number         0  gd32f4xx_wwdgt.o ABSOLUTE
    ..\..\Utilities\Third_Party\letter-shell-shell2.x\shell.c 0x00000000   Number         0  shell.o ABSOLUTE
    ..\..\Utilities\Third_Party\letter-shell-shell2.x\shell_ext.c 0x00000000   Number         0  shell_ext.o ABSOLUTE
    ..\..\Utilities\gd32f450i_eval.c         0x00000000   Number         0  gd32f450i_eval.o ABSOLUTE
    ..\\..\\Firmware\\CMSIS\\GD\\GD32F4xx\\Source\\system_gd32f4xx.c 0x00000000   Number         0  system_gd32f4xx.o ABSOLUTE
    ..\\..\\Firmware\\GD32F4xx_standard_peripheral\\Source\\gd32f4xx_adc.c 0x00000000   Number         0  gd32f4xx_adc.o ABSOLUTE
    ..\\..\\Firmware\\GD32F4xx_standard_peripheral\\Source\\gd32f4xx_can.c 0x00000000   Number         0  gd32f4xx_can.o ABSOLUTE
    ..\\..\\Firmware\\GD32F4xx_standard_peripheral\\Source\\gd32f4xx_crc.c 0x00000000   Number         0  gd32f4xx_crc.o ABSOLUTE
    ..\\..\\Firmware\\GD32F4xx_standard_peripheral\\Source\\gd32f4xx_ctc.c 0x00000000   Number         0  gd32f4xx_ctc.o ABSOLUTE
    ..\\..\\Firmware\\GD32F4xx_standard_peripheral\\Source\\gd32f4xx_dac.c 0x00000000   Number         0  gd32f4xx_dac.o ABSOLUTE
    ..\\..\\Firmware\\GD32F4xx_standard_peripheral\\Source\\gd32f4xx_dbg.c 0x00000000   Number         0  gd32f4xx_dbg.o ABSOLUTE
    ..\\..\\Firmware\\GD32F4xx_standard_peripheral\\Source\\gd32f4xx_dci.c 0x00000000   Number         0  gd32f4xx_dci.o ABSOLUTE
    ..\\..\\Firmware\\GD32F4xx_standard_peripheral\\Source\\gd32f4xx_dma.c 0x00000000   Number         0  gd32f4xx_dma.o ABSOLUTE
    ..\\..\\Firmware\\GD32F4xx_standard_peripheral\\Source\\gd32f4xx_enet.c 0x00000000   Number         0  gd32f4xx_enet.o ABSOLUTE
    ..\\..\\Firmware\\GD32F4xx_standard_peripheral\\Source\\gd32f4xx_exmc.c 0x00000000   Number         0  gd32f4xx_exmc.o ABSOLUTE
    ..\\..\\Firmware\\GD32F4xx_standard_peripheral\\Source\\gd32f4xx_exti.c 0x00000000   Number         0  gd32f4xx_exti.o ABSOLUTE
    ..\\..\\Firmware\\GD32F4xx_standard_peripheral\\Source\\gd32f4xx_fmc.c 0x00000000   Number         0  gd32f4xx_fmc.o ABSOLUTE
    ..\\..\\Firmware\\GD32F4xx_standard_peripheral\\Source\\gd32f4xx_fwdgt.c 0x00000000   Number         0  gd32f4xx_fwdgt.o ABSOLUTE
    ..\\..\\Firmware\\GD32F4xx_standard_peripheral\\Source\\gd32f4xx_gpio.c 0x00000000   Number         0  gd32f4xx_gpio.o ABSOLUTE
    ..\\..\\Firmware\\GD32F4xx_standard_peripheral\\Source\\gd32f4xx_i2c.c 0x00000000   Number         0  gd32f4xx_i2c.o ABSOLUTE
    ..\\..\\Firmware\\GD32F4xx_standard_peripheral\\Source\\gd32f4xx_ipa.c 0x00000000   Number         0  gd32f4xx_ipa.o ABSOLUTE
    ..\\..\\Firmware\\GD32F4xx_standard_peripheral\\Source\\gd32f4xx_iref.c 0x00000000   Number         0  gd32f4xx_iref.o ABSOLUTE
    ..\\..\\Firmware\\GD32F4xx_standard_peripheral\\Source\\gd32f4xx_misc.c 0x00000000   Number         0  gd32f4xx_misc.o ABSOLUTE
    ..\\..\\Firmware\\GD32F4xx_standard_peripheral\\Source\\gd32f4xx_pmu.c 0x00000000   Number         0  gd32f4xx_pmu.o ABSOLUTE
    ..\\..\\Firmware\\GD32F4xx_standard_peripheral\\Source\\gd32f4xx_rcu.c 0x00000000   Number         0  gd32f4xx_rcu.o ABSOLUTE
    ..\\..\\Firmware\\GD32F4xx_standard_peripheral\\Source\\gd32f4xx_rtc.c 0x00000000   Number         0  gd32f4xx_rtc.o ABSOLUTE
    ..\\..\\Firmware\\GD32F4xx_standard_peripheral\\Source\\gd32f4xx_sdio.c 0x00000000   Number         0  gd32f4xx_sdio.o ABSOLUTE
    ..\\..\\Firmware\\GD32F4xx_standard_peripheral\\Source\\gd32f4xx_spi.c 0x00000000   Number         0  gd32f4xx_spi.o ABSOLUTE
    ..\\..\\Firmware\\GD32F4xx_standard_peripheral\\Source\\gd32f4xx_syscfg.c 0x00000000   Number         0  gd32f4xx_syscfg.o ABSOLUTE
    ..\\..\\Firmware\\GD32F4xx_standard_peripheral\\Source\\gd32f4xx_timer.c 0x00000000   Number         0  gd32f4xx_timer.o ABSOLUTE
    ..\\..\\Firmware\\GD32F4xx_standard_peripheral\\Source\\gd32f4xx_tli.c 0x00000000   Number         0  gd32f4xx_tli.o ABSOLUTE
    ..\\..\\Firmware\\GD32F4xx_standard_peripheral\\Source\\gd32f4xx_trng.c 0x00000000   Number         0  gd32f4xx_trng.o ABSOLUTE
    ..\\..\\Firmware\\GD32F4xx_standard_peripheral\\Source\\gd32f4xx_usart.c 0x00000000   Number         0  gd32f4xx_usart.o ABSOLUTE
    ..\\..\\Firmware\\GD32F4xx_standard_peripheral\\Source\\gd32f4xx_wwdgt.c 0x00000000   Number         0  gd32f4xx_wwdgt.o ABSOLUTE
    ..\\..\\Utilities\\gd32f450i_eval.c      0x00000000   Number         0  gd32f450i_eval.o ABSOLUTE
    ..\\gd32f4xx_it.c                        0x00000000   Number         0  gd32f4xx_it.o ABSOLUTE
    ..\\letter_shell_drv_uart\\drv_uart.c    0x00000000   Number         0  drv_uart.o ABSOLUTE
    ..\\main.c                               0x00000000   Number         0  main.o ABSOLUTE
    ..\\systick.c                            0x00000000   Number         0  systick.o ABSOLUTE
    ..\gd32f4xx_it.c                         0x00000000   Number         0  gd32f4xx_it.o ABSOLUTE
    ..\letter_shell_drv_uart\drv_uart.c      0x00000000   Number         0  drv_uart.o ABSOLUTE
    ..\main.c                                0x00000000   Number         0  main.o ABSOLUTE
    ..\systick.c                             0x00000000   Number         0  systick.o ABSOLUTE
    cdrcmple.s                               0x00000000   Number         0  cdrcmple.o ABSOLUTE
    dc.s                                     0x00000000   Number         0  dc.o ABSOLUTE
    handlers.s                               0x00000000   Number         0  handlers.o ABSOLUTE
    init.s                                   0x00000000   Number         0  init.o ABSOLUTE
    RESET                                    0x08000000   Section      428  startup_gd32f450.o(RESET)
    .ARM.Collect$$$$00000000                 0x080001ac   Section        0  entry.o(.ARM.Collect$$$$00000000)
    .ARM.Collect$$$$00000001                 0x080001ac   Section        4  entry2.o(.ARM.Collect$$$$00000001)
    .ARM.Collect$$$$00000004                 0x080001b0   Section        4  entry5.o(.ARM.Collect$$$$00000004)
    .ARM.Collect$$$$00000008                 0x080001b4   Section        0  entry7b.o(.ARM.Collect$$$$00000008)
    .ARM.Collect$$$$0000000A                 0x080001b4   Section        0  entry8b.o(.ARM.Collect$$$$0000000A)
    .ARM.Collect$$$$0000000B                 0x080001b4   Section        8  entry9a.o(.ARM.Collect$$$$0000000B)
    .ARM.Collect$$$$0000000E                 0x080001bc   Section        4  entry12b.o(.ARM.Collect$$$$0000000E)
    .ARM.Collect$$$$0000000F                 0x080001c0   Section        0  entry10a.o(.ARM.Collect$$$$0000000F)
    .ARM.Collect$$$$00000011                 0x080001c0   Section        0  entry11a.o(.ARM.Collect$$$$00000011)
    .ARM.Collect$$$$00002712                 0x080001c0   Section        4  entry2.o(.ARM.Collect$$$$00002712)
    __lit__00000000                          0x080001c0   Data           4  entry2.o(.ARM.Collect$$$$00002712)
    .text                                    0x080001c4   Section       36  startup_gd32f450.o(.text)
    $v0                                      0x080001c4   Number         0  startup_gd32f450.o(.text)
    .text                                    0x080001e8   Section        0  strcmp.o(.text)
    .text                                    0x08000204   Section        0  uidiv.o(.text)
    .text                                    0x08000230   Section        0  uldiv.o(.text)
    .text                                    0x08000292   Section        0  iusefp.o(.text)
    .text                                    0x08000292   Section        0  dadd.o(.text)
    .text                                    0x080003e0   Section        0  dmul.o(.text)
    .text                                    0x080004c4   Section        0  ddiv.o(.text)
    .text                                    0x080005a2   Section        0  dfixul.o(.text)
    .text                                    0x080005d4   Section       48  cdrcmple.o(.text)
    .text                                    0x08000604   Section       36  init.o(.text)
    .text                                    0x08000628   Section        0  llshl.o(.text)
    .text                                    0x08000646   Section        0  llushr.o(.text)
    .text                                    0x08000666   Section        0  llsshr.o(.text)
    .text                                    0x0800068a   Section        0  depilogue.o(.text)
    i.BusFault_Handler                       0x08000744   Section        0  gd32f4xx_it.o(i.BusFault_Handler)
    i.DebugMon_Handler                       0x08000748   Section        0  gd32f4xx_it.o(i.DebugMon_Handler)
    i.HardFault_Handler                      0x0800074a   Section        0  gd32f4xx_it.o(i.HardFault_Handler)
    i.MemManage_Handler                      0x0800074e   Section        0  gd32f4xx_it.o(i.MemManage_Handler)
    i.NMI_Handler                            0x08000752   Section        0  gd32f4xx_it.o(i.NMI_Handler)
    i.NVIC_SetPriority                       0x08000754   Section        0  systick.o(i.NVIC_SetPriority)
    NVIC_SetPriority                         0x08000755   Thumb Code    32  systick.o(i.NVIC_SetPriority)
    i.PendSV_Handler                         0x0800077c   Section        0  gd32f4xx_it.o(i.PendSV_Handler)
    i.SVC_Handler                            0x0800077e   Section        0  gd32f4xx_it.o(i.SVC_Handler)
    i.SysTick_Handler                        0x08000780   Section        0  gd32f4xx_it.o(i.SysTick_Handler)
    i.SystemInit                             0x08000788   Section        0  system_gd32f4xx.o(i.SystemInit)
    i.UART4_IRQHandler                       0x08000840   Section        0  drv_uart.o(i.UART4_IRQHandler)
    i.UsageFault_Handler                     0x08000868   Section        0  gd32f4xx_it.o(i.UsageFault_Handler)
    i.__0printf                              0x0800086c   Section        0  printfa.o(i.__0printf)
    i.__scatterload_copy                     0x0800088c   Section       14  handlers.o(i.__scatterload_copy)
    i.__scatterload_null                     0x0800089a   Section        2  handlers.o(i.__scatterload_null)
    i.__scatterload_zeroinit                 0x0800089c   Section       14  handlers.o(i.__scatterload_zeroinit)
    i._fp_digits                             0x080008ac   Section        0  printfa.o(i._fp_digits)
    _fp_digits                               0x080008ad   Thumb Code   366  printfa.o(i._fp_digits)
    i._printf_core                           0x08000a30   Section        0  printfa.o(i._printf_core)
    _printf_core                             0x08000a31   Thumb Code  1704  printfa.o(i._printf_core)
    i._printf_post_padding                   0x080010e4   Section        0  printfa.o(i._printf_post_padding)
    _printf_post_padding                     0x080010e5   Thumb Code    36  printfa.o(i._printf_post_padding)
    i._printf_pre_padding                    0x08001108   Section        0  printfa.o(i._printf_pre_padding)
    _printf_pre_padding                      0x08001109   Thumb Code    46  printfa.o(i._printf_pre_padding)
    i.add                                    0x08001138   Section        0  main.o(i.add)
    i.com_init                               0x08001164   Section        0  drv_uart.o(i.com_init)
    i.delay_decrement                        0x08001184   Section        0  systick.o(i.delay_decrement)
    i.fputc                                  0x0800119c   Section        0  drv_uart.o(i.fputc)
    i.gd_eval_led_init                       0x080011ac   Section        0  gd32f450i_eval.o(i.gd_eval_led_init)
    i.gpio_af_set                            0x08001200   Section        0  gd32f4xx_gpio.o(i.gpio_af_set)
    i.gpio_mode_set                          0x0800125e   Section        0  gd32f4xx_gpio.o(i.gpio_mode_set)
    i.gpio_output_options_set                0x080012ac   Section        0  gd32f4xx_gpio.o(i.gpio_output_options_set)
    i.main                                   0x080012ee   Section        0  main.o(i.main)
    i.nvic_irq_enable                        0x0800130c   Section        0  gd32f4xx_misc.o(i.nvic_irq_enable)
    i.nvic_priority_group_set                0x080013d0   Section        0  gd32f4xx_misc.o(i.nvic_priority_group_set)
    i.rcu_clock_freq_get                     0x080013e4   Section        0  gd32f4xx_rcu.o(i.rcu_clock_freq_get)
    i.rcu_periph_clock_enable                0x08001508   Section        0  gd32f4xx_rcu.o(i.rcu_periph_clock_enable)
    i.rcu_periph_reset_disable               0x0800152c   Section        0  gd32f4xx_rcu.o(i.rcu_periph_reset_disable)
    i.rcu_periph_reset_enable                0x08001550   Section        0  gd32f4xx_rcu.o(i.rcu_periph_reset_enable)
    i.shellAdd                               0x08001574   Section        0  shell.o(i.shellAdd)
    shellAdd                                 0x08001575   Thumb Code    34  shell.o(i.shellAdd)
    i.shellAnsi                              0x0800159c   Section        0  shell.o(i.shellAnsi)
    i.shellAnsiStart                         0x08001644   Section        0  shell.o(i.shellAnsiStart)
    shellAnsiStart                           0x08001645   Thumb Code    16  shell.o(i.shellAnsiStart)
    i.shellBackspace                         0x08001654   Section        0  shell.o(i.shellBackspace)
    shellBackspace                           0x08001655   Thumb Code   184  shell.o(i.shellBackspace)
    i.shellClear                             0x0800170c   Section        0  shell.o(i.shellClear)
    i.shellClearLine                         0x08001730   Section        0  shell.o(i.shellClearLine)
    shellClearLine                           0x08001731   Thumb Code    40  shell.o(i.shellClearLine)
    i.shellDelete                            0x08001758   Section        0  shell.o(i.shellDelete)
    shellDelete                              0x08001759   Thumb Code    28  shell.o(i.shellDelete)
    i.shellDisplay                           0x08001778   Section        0  shell.o(i.shellDisplay)
    i.shellDisplayByte                       0x080017a4   Section        0  shell.o(i.shellDisplayByte)
    shellDisplayByte                         0x080017a5   Thumb Code    26  shell.o(i.shellDisplayByte)
    i.shellDisplayItem                       0x080017c0   Section        0  shell.o(i.shellDisplayItem)
    shellDisplayItem                         0x080017c1   Thumb Code    92  shell.o(i.shellDisplayItem)
    i.shellDisplayReturn                     0x08001828   Section        0  shell.o(i.shellDisplayReturn)
    shellDisplayReturn                       0x08001829   Thumb Code    24  shell.o(i.shellDisplayReturn)
    i.shellDisplayValue                      0x0800184c   Section        0  shell.o(i.shellDisplayValue)
    shellDisplayValue                        0x0800184d   Thumb Code   176  shell.o(i.shellDisplayValue)
    i.shellEnter                             0x08001918   Section        0  shell.o(i.shellEnter)
    shellEnter                               0x08001919   Thumb Code   384  shell.o(i.shellEnter)
    i.shellExtNumType                        0x08001aa8   Section        0  shell_ext.o(i.shellExtNumType)
    shellExtNumType                          0x08001aa9   Thumb Code    88  shell_ext.o(i.shellExtNumType)
    i.shellExtParseChar                      0x08001b00   Section        0  shell_ext.o(i.shellExtParseChar)
    shellExtParseChar                        0x08001b01   Thumb Code    70  shell_ext.o(i.shellExtParseChar)
    i.shellExtParseNumber                    0x08001b48   Section        0  shell_ext.o(i.shellExtParseNumber)
    shellExtParseNumber                      0x08001b49   Thumb Code   232  shell_ext.o(i.shellExtParseNumber)
    i.shellExtParsePara                      0x08001c34   Section        0  shell_ext.o(i.shellExtParsePara)
    i.shellExtParseString                    0x08001c74   Section        0  shell_ext.o(i.shellExtParseString)
    shellExtParseString                      0x08001c75   Thumb Code    74  shell_ext.o(i.shellExtParseString)
    i.shellExtRun                            0x08001cbe   Section        0  shell_ext.o(i.shellExtRun)
    i.shellExtToNum                          0x08001e12   Section        0  shell_ext.o(i.shellExtToNum)
    shellExtToNum                            0x08001e13   Thumb Code    54  shell_ext.o(i.shellExtToNum)
    i.shellGetCurrent                        0x08001e48   Section        0  shell.o(i.shellGetCurrent)
    i.shellHandler                           0x08001e7c   Section        0  shell.o(i.shellHandler)
    i.shellHelp                              0x08001f30   Section        0  shell.o(i.shellHelp)
    i.shellHistory                           0x08002010   Section        0  shell.o(i.shellHistory)
    shellHistory                             0x08002011   Thumb Code   204  shell.o(i.shellHistory)
    i.shellHistoryAdd                        0x080020dc   Section        0  shell.o(i.shellHistoryAdd)
    shellHistoryAdd                          0x080020dd   Thumb Code   122  shell.o(i.shellHistoryAdd)
    i.shellInit                              0x08002158   Section        0  shell.o(i.shellInit)
    i.shellNormal                            0x080021dc   Section        0  shell.o(i.shellNormal)
    shellNormal                              0x080021dd   Thumb Code   200  shell.o(i.shellNormal)
    i.shellStringCompare                     0x080022a8   Section        0  shell.o(i.shellStringCompare)
    shellStringCompare                       0x080022a9   Thumb Code    44  shell.o(i.shellStringCompare)
    i.shellStringCopy                        0x080022d4   Section        0  shell.o(i.shellStringCopy)
    shellStringCopy                          0x080022d5   Thumb Code    24  shell.o(i.shellStringCopy)
    i.shellTab                               0x080022ec   Section        0  shell.o(i.shellTab)
    shellTab                                 0x080022ed   Thumb Code   252  shell.o(i.shellTab)
    i.system_clock_200m_25m_hxtal            0x080023ec   Section        0  system_gd32f4xx.o(i.system_clock_200m_25m_hxtal)
    system_clock_200m_25m_hxtal              0x080023ed   Thumb Code   240  system_gd32f4xx.o(i.system_clock_200m_25m_hxtal)
    i.system_clock_config                    0x080024e8   Section        0  system_gd32f4xx.o(i.system_clock_config)
    system_clock_config                      0x080024e9   Thumb Code     8  system_gd32f4xx.o(i.system_clock_config)
    i.systick_config                         0x080024f0   Section        0  systick.o(i.systick_config)
    i.uart_send_string                       0x08002540   Section        0  drv_uart.o(i.uart_send_string)
    uart_send_string                         0x08002541   Thumb Code    28  drv_uart.o(i.uart_send_string)
    i.usart_baudrate_set                     0x08002560   Section        0  gd32f4xx_usart.o(i.usart_baudrate_set)
    i.usart_data_receive                     0x08002648   Section        0  gd32f4xx_usart.o(i.usart_data_receive)
    i.usart_data_transmit                    0x08002652   Section        0  gd32f4xx_usart.o(i.usart_data_transmit)
    i.usart_deinit                           0x0800265c   Section        0  gd32f4xx_usart.o(i.usart_deinit)
    i.usart_enable                           0x08002738   Section        0  gd32f4xx_usart.o(i.usart_enable)
    i.usart_flag_get                         0x08002742   Section        0  gd32f4xx_usart.o(i.usart_flag_get)
    i.usart_init                             0x08002760   Section        0  drv_uart.o(i.usart_init)
    usart_init                               0x08002761   Thumb Code   160  drv_uart.o(i.usart_init)
    i.usart_interrupt_enable                 0x0800280c   Section        0  gd32f4xx_usart.o(i.usart_interrupt_enable)
    i.usart_receive_config                   0x08002826   Section        0  gd32f4xx_usart.o(i.usart_receive_config)
    i.usart_transmit_config                  0x08002836   Section        0  gd32f4xx_usart.o(i.usart_transmit_config)
    .constdata                               0x08002846   Section       12  main.o(.constdata)
    .constdata                               0x08002854   Section      132  shell.o(.constdata)
    .conststring                             0x080028d8   Section      533  shell.o(.conststring)
    shellCommand                             0x08002b10   Section       16  main.o(shellCommand)
    shellCommand                             0x08002b20   Section       32  shell.o(shellCommand)
    .data                                    0x20000000   Section        4  systick.o(.data)
    delay                                    0x20000000   Data           4  systick.o(.data)
    .data                                    0x20000004   Section        4  system_gd32f4xx.o(.data)
    .data                                    0x20000008   Section       97  gd32f450i_eval.o(.data)
    GPIO_PORT                                0x20000008   Data          12  gd32f450i_eval.o(.data)
    GPIO_PIN                                 0x20000014   Data          12  gd32f450i_eval.o(.data)
    COM_CLK                                  0x20000020   Data           2  gd32f450i_eval.o(.data)
    COM_TX_PIN                               0x20000024   Data           4  gd32f450i_eval.o(.data)
    COM_RX_PIN                               0x20000028   Data           4  gd32f450i_eval.o(.data)
    GPIO_CLK                                 0x2000002c   Data           6  gd32f450i_eval.o(.data)
    KEY_PORT                                 0x20000034   Data          12  gd32f450i_eval.o(.data)
    KEY_PIN                                  0x20000040   Data          12  gd32f450i_eval.o(.data)
    KEY_CLK                                  0x2000004c   Data           6  gd32f450i_eval.o(.data)
    KEY_EXTI_LINE                            0x20000054   Data          12  gd32f450i_eval.o(.data)
    KEY_PORT_SOURCE                          0x20000060   Data           3  gd32f450i_eval.o(.data)
    KEY_PIN_SOURCE                           0x20000063   Data           3  gd32f450i_eval.o(.data)
    KEY_IRQn                                 0x20000066   Data           3  gd32f450i_eval.o(.data)
    .data                                    0x2000006c   Section       36  shell.o(.data)
    shellText                                0x2000006c   Data          36  shell.o(.data)
    .data                                    0x20000090   Section        4  stdout.o(.data)
    .bss                                     0x20000094   Section      888  drv_uart.o(.bss)
    .bss                                     0x2000040c   Section       20  shell.o(.bss)
    shellList                                0x2000040c   Data          20  shell.o(.bss)
    STACK                                    0x20000420   Section     1024  startup_gd32f450.o(STACK)

    Global Symbols

    Symbol Name                              Value     Ov Type        Size  Object(Section)

    BuildAttributes$$THM_ISAv4$E$P$D$K$B$S$7EM$VFPi3$EXTD16$VFPS$VFMA$PE$A:L22UL41UL21$X:L11$S22US41US21$IEEE1$IW$USESV6$~STKCKD$USESV7$~SHL$OSPACE$ROPI$EBA8$MICROLIB$REQ8$PRES8$EABIv2 0x00000000   Number         0  anon$$obj.o ABSOLUTE
    __ARM_use_no_argv                        0x00000000   Number         0  main.o ABSOLUTE
    _printf_a                                0x00000000   Number         0  stubs.o ABSOLUTE
    _printf_c                                0x00000000   Number         0  stubs.o ABSOLUTE
    _printf_charcount                        0x00000000   Number         0  stubs.o ABSOLUTE
    _printf_d                                0x00000000   Number         0  stubs.o ABSOLUTE
    _printf_e                                0x00000000   Number         0  stubs.o ABSOLUTE
    _printf_f                                0x00000000   Number         0  stubs.o ABSOLUTE
    _printf_flags                            0x00000000   Number         0  stubs.o ABSOLUTE
    _printf_fp_dec                           0x00000000   Number         0  stubs.o ABSOLUTE
    _printf_fp_hex                           0x00000000   Number         0  stubs.o ABSOLUTE
    _printf_g                                0x00000000   Number         0  stubs.o ABSOLUTE
    _printf_i                                0x00000000   Number         0  stubs.o ABSOLUTE
    _printf_int_dec                          0x00000000   Number         0  stubs.o ABSOLUTE
    _printf_l                                0x00000000   Number         0  stubs.o ABSOLUTE
    _printf_lc                               0x00000000   Number         0  stubs.o ABSOLUTE
    _printf_ll                               0x00000000   Number         0  stubs.o ABSOLUTE
    _printf_lld                              0x00000000   Number         0  stubs.o ABSOLUTE
    _printf_lli                              0x00000000   Number         0  stubs.o ABSOLUTE
    _printf_llo                              0x00000000   Number         0  stubs.o ABSOLUTE
    _printf_llu                              0x00000000   Number         0  stubs.o ABSOLUTE
    _printf_llx                              0x00000000   Number         0  stubs.o ABSOLUTE
    _printf_longlong_dec                     0x00000000   Number         0  stubs.o ABSOLUTE
    _printf_longlong_hex                     0x00000000   Number         0  stubs.o ABSOLUTE
    _printf_longlong_oct                     0x00000000   Number         0  stubs.o ABSOLUTE
    _printf_ls                               0x00000000   Number         0  stubs.o ABSOLUTE
    _printf_mbtowc                           0x00000000   Number         0  stubs.o ABSOLUTE
    _printf_n                                0x00000000   Number         0  stubs.o ABSOLUTE
    _printf_o                                0x00000000   Number         0  stubs.o ABSOLUTE
    _printf_p                                0x00000000   Number         0  stubs.o ABSOLUTE
    _printf_percent                          0x00000000   Number         0  stubs.o ABSOLUTE
    _printf_pre_padding                      0x00000000   Number         0  stubs.o ABSOLUTE
    _printf_return_value                     0x00000000   Number         0  stubs.o ABSOLUTE
    _printf_s                                0x00000000   Number         0  stubs.o ABSOLUTE
    _printf_sizespec                         0x00000000   Number         0  stubs.o ABSOLUTE
    _printf_str                              0x00000000   Number         0  stubs.o ABSOLUTE
    _printf_truncate_signed                  0x00000000   Number         0  stubs.o ABSOLUTE
    _printf_truncate_unsigned                0x00000000   Number         0  stubs.o ABSOLUTE
    _printf_u                                0x00000000   Number         0  stubs.o ABSOLUTE
    _printf_wc                               0x00000000   Number         0  stubs.o ABSOLUTE
    _printf_wctomb                           0x00000000   Number         0  stubs.o ABSOLUTE
    _printf_widthprec                        0x00000000   Number         0  stubs.o ABSOLUTE
    _printf_x                                0x00000000   Number         0  stubs.o ABSOLUTE
    __arm_fini_                               - Undefined Weak Reference
    __cpp_initialize__aeabi_                  - Undefined Weak Reference
    __cxa_finalize                            - Undefined Weak Reference
    __decompress                              - Undefined Weak Reference
    _clock_init                               - Undefined Weak Reference
    _microlib_exit                            - Undefined Weak Reference
    __Vectors_Size                           0x000001ac   Number         0  startup_gd32f450.o ABSOLUTE
    __Vectors                                0x08000000   Data           4  startup_gd32f450.o(RESET)
    __Vectors_End                            0x080001ac   Data           0  startup_gd32f450.o(RESET)
    __main                                   0x080001ad   Thumb Code     0  entry.o(.ARM.Collect$$$$00000000)
    _main_stk                                0x080001ad   Thumb Code     0  entry2.o(.ARM.Collect$$$$00000001)
    _main_scatterload                        0x080001b1   Thumb Code     0  entry5.o(.ARM.Collect$$$$00000004)
    __main_after_scatterload                 0x080001b5   Thumb Code     0  entry5.o(.ARM.Collect$$$$00000004)
    _main_clock                              0x080001b5   Thumb Code     0  entry7b.o(.ARM.Collect$$$$00000008)
    _main_cpp_init                           0x080001b5   Thumb Code     0  entry8b.o(.ARM.Collect$$$$0000000A)
    _main_init                               0x080001b5   Thumb Code     0  entry9a.o(.ARM.Collect$$$$0000000B)
    __rt_lib_shutdown_fini                   0x080001bd   Thumb Code     0  entry12b.o(.ARM.Collect$$$$0000000E)
    __rt_final_cpp                           0x080001c1   Thumb Code     0  entry10a.o(.ARM.Collect$$$$0000000F)
    __rt_final_exit                          0x080001c1   Thumb Code     0  entry11a.o(.ARM.Collect$$$$00000011)
    Reset_Handler                            0x080001c5   Thumb Code     8  startup_gd32f450.o(.text)
    ADC_IRQHandler                           0x080001df   Thumb Code     0  startup_gd32f450.o(.text)
    CAN0_EWMC_IRQHandler                     0x080001df   Thumb Code     0  startup_gd32f450.o(.text)
    CAN0_RX0_IRQHandler                      0x080001df   Thumb Code     0  startup_gd32f450.o(.text)
    CAN0_RX1_IRQHandler                      0x080001df   Thumb Code     0  startup_gd32f450.o(.text)
    CAN0_TX_IRQHandler                       0x080001df   Thumb Code     0  startup_gd32f450.o(.text)
    CAN1_EWMC_IRQHandler                     0x080001df   Thumb Code     0  startup_gd32f450.o(.text)
    CAN1_RX0_IRQHandler                      0x080001df   Thumb Code     0  startup_gd32f450.o(.text)
    CAN1_RX1_IRQHandler                      0x080001df   Thumb Code     0  startup_gd32f450.o(.text)
    CAN1_TX_IRQHandler                       0x080001df   Thumb Code     0  startup_gd32f450.o(.text)
    DCI_IRQHandler                           0x080001df   Thumb Code     0  startup_gd32f450.o(.text)
    DMA0_Channel0_IRQHandler                 0x080001df   Thumb Code     0  startup_gd32f450.o(.text)
    DMA0_Channel1_IRQHandler                 0x080001df   Thumb Code     0  startup_gd32f450.o(.text)
    DMA0_Channel2_IRQHandler                 0x080001df   Thumb Code     0  startup_gd32f450.o(.text)
    DMA0_Channel3_IRQHandler                 0x080001df   Thumb Code     0  startup_gd32f450.o(.text)
    DMA0_Channel4_IRQHandler                 0x080001df   Thumb Code     0  startup_gd32f450.o(.text)
    DMA0_Channel5_IRQHandler                 0x080001df   Thumb Code     0  startup_gd32f450.o(.text)
    DMA0_Channel6_IRQHandler                 0x080001df   Thumb Code     0  startup_gd32f450.o(.text)
    DMA0_Channel7_IRQHandler                 0x080001df   Thumb Code     0  startup_gd32f450.o(.text)
    DMA1_Channel0_IRQHandler                 0x080001df   Thumb Code     0  startup_gd32f450.o(.text)
    DMA1_Channel1_IRQHandler                 0x080001df   Thumb Code     0  startup_gd32f450.o(.text)
    DMA1_Channel2_IRQHandler                 0x080001df   Thumb Code     0  startup_gd32f450.o(.text)
    DMA1_Channel3_IRQHandler                 0x080001df   Thumb Code     0  startup_gd32f450.o(.text)
    DMA1_Channel4_IRQHandler                 0x080001df   Thumb Code     0  startup_gd32f450.o(.text)
    DMA1_Channel5_IRQHandler                 0x080001df   Thumb Code     0  startup_gd32f450.o(.text)
    DMA1_Channel6_IRQHandler                 0x080001df   Thumb Code     0  startup_gd32f450.o(.text)
    DMA1_Channel7_IRQHandler                 0x080001df   Thumb Code     0  startup_gd32f450.o(.text)
    ENET_IRQHandler                          0x080001df   Thumb Code     0  startup_gd32f450.o(.text)
    ENET_WKUP_IRQHandler                     0x080001df   Thumb Code     0  startup_gd32f450.o(.text)
    EXMC_IRQHandler                          0x080001df   Thumb Code     0  startup_gd32f450.o(.text)
    EXTI0_IRQHandler                         0x080001df   Thumb Code     0  startup_gd32f450.o(.text)
    EXTI10_15_IRQHandler                     0x080001df   Thumb Code     0  startup_gd32f450.o(.text)
    EXTI1_IRQHandler                         0x080001df   Thumb Code     0  startup_gd32f450.o(.text)
    EXTI2_IRQHandler                         0x080001df   Thumb Code     0  startup_gd32f450.o(.text)
    EXTI3_IRQHandler                         0x080001df   Thumb Code     0  startup_gd32f450.o(.text)
    EXTI4_IRQHandler                         0x080001df   Thumb Code     0  startup_gd32f450.o(.text)
    EXTI5_9_IRQHandler                       0x080001df   Thumb Code     0  startup_gd32f450.o(.text)
    FMC_IRQHandler                           0x080001df   Thumb Code     0  startup_gd32f450.o(.text)
    FPU_IRQHandler                           0x080001df   Thumb Code     0  startup_gd32f450.o(.text)
    I2C0_ER_IRQHandler                       0x080001df   Thumb Code     0  startup_gd32f450.o(.text)
    I2C0_EV_IRQHandler                       0x080001df   Thumb Code     0  startup_gd32f450.o(.text)
    I2C1_ER_IRQHandler                       0x080001df   Thumb Code     0  startup_gd32f450.o(.text)
    I2C1_EV_IRQHandler                       0x080001df   Thumb Code     0  startup_gd32f450.o(.text)
    I2C2_ER_IRQHandler                       0x080001df   Thumb Code     0  startup_gd32f450.o(.text)
    I2C2_EV_IRQHandler                       0x080001df   Thumb Code     0  startup_gd32f450.o(.text)
    IPA_IRQHandler                           0x080001df   Thumb Code     0  startup_gd32f450.o(.text)
    LVD_IRQHandler                           0x080001df   Thumb Code     0  startup_gd32f450.o(.text)
    RCU_CTC_IRQHandler                       0x080001df   Thumb Code     0  startup_gd32f450.o(.text)
    RTC_Alarm_IRQHandler                     0x080001df   Thumb Code     0  startup_gd32f450.o(.text)
    RTC_WKUP_IRQHandler                      0x080001df   Thumb Code     0  startup_gd32f450.o(.text)
    SDIO_IRQHandler                          0x080001df   Thumb Code     0  startup_gd32f450.o(.text)
    SPI0_IRQHandler                          0x080001df   Thumb Code     0  startup_gd32f450.o(.text)
    SPI1_IRQHandler                          0x080001df   Thumb Code     0  startup_gd32f450.o(.text)
    SPI2_IRQHandler                          0x080001df   Thumb Code     0  startup_gd32f450.o(.text)
    SPI3_IRQHandler                          0x080001df   Thumb Code     0  startup_gd32f450.o(.text)
    SPI4_IRQHandler                          0x080001df   Thumb Code     0  startup_gd32f450.o(.text)
    SPI5_IRQHandler                          0x080001df   Thumb Code     0  startup_gd32f450.o(.text)
    TAMPER_STAMP_IRQHandler                  0x080001df   Thumb Code     0  startup_gd32f450.o(.text)
    TIMER0_BRK_TIMER8_IRQHandler             0x080001df   Thumb Code     0  startup_gd32f450.o(.text)
    TIMER0_Channel_IRQHandler                0x080001df   Thumb Code     0  startup_gd32f450.o(.text)
    TIMER0_TRG_CMT_TIMER10_IRQHandler        0x080001df   Thumb Code     0  startup_gd32f450.o(.text)
    TIMER0_UP_TIMER9_IRQHandler              0x080001df   Thumb Code     0  startup_gd32f450.o(.text)
    TIMER1_IRQHandler                        0x080001df   Thumb Code     0  startup_gd32f450.o(.text)
    TIMER2_IRQHandler                        0x080001df   Thumb Code     0  startup_gd32f450.o(.text)
    TIMER3_IRQHandler                        0x080001df   Thumb Code     0  startup_gd32f450.o(.text)
    TIMER4_IRQHandler                        0x080001df   Thumb Code     0  startup_gd32f450.o(.text)
    TIMER5_DAC_IRQHandler                    0x080001df   Thumb Code     0  startup_gd32f450.o(.text)
    TIMER6_IRQHandler                        0x080001df   Thumb Code     0  startup_gd32f450.o(.text)
    TIMER7_BRK_TIMER11_IRQHandler            0x080001df   Thumb Code     0  startup_gd32f450.o(.text)
    TIMER7_Channel_IRQHandler                0x080001df   Thumb Code     0  startup_gd32f450.o(.text)
    TIMER7_TRG_CMT_TIMER13_IRQHandler        0x080001df   Thumb Code     0  startup_gd32f450.o(.text)
    TIMER7_UP_TIMER12_IRQHandler             0x080001df   Thumb Code     0  startup_gd32f450.o(.text)
    TLI_ER_IRQHandler                        0x080001df   Thumb Code     0  startup_gd32f450.o(.text)
    TLI_IRQHandler                           0x080001df   Thumb Code     0  startup_gd32f450.o(.text)
    TRNG_IRQHandler                          0x080001df   Thumb Code     0  startup_gd32f450.o(.text)
    UART3_IRQHandler                         0x080001df   Thumb Code     0  startup_gd32f450.o(.text)
    UART6_IRQHandler                         0x080001df   Thumb Code     0  startup_gd32f450.o(.text)
    UART7_IRQHandler                         0x080001df   Thumb Code     0  startup_gd32f450.o(.text)
    USART0_IRQHandler                        0x080001df   Thumb Code     0  startup_gd32f450.o(.text)
    USART1_IRQHandler                        0x080001df   Thumb Code     0  startup_gd32f450.o(.text)
    USART2_IRQHandler                        0x080001df   Thumb Code     0  startup_gd32f450.o(.text)
    USART5_IRQHandler                        0x080001df   Thumb Code     0  startup_gd32f450.o(.text)
    USBFS_IRQHandler                         0x080001df   Thumb Code     0  startup_gd32f450.o(.text)
    USBFS_WKUP_IRQHandler                    0x080001df   Thumb Code     0  startup_gd32f450.o(.text)
    USBHS_EP1_In_IRQHandler                  0x080001df   Thumb Code     0  startup_gd32f450.o(.text)
    USBHS_EP1_Out_IRQHandler                 0x080001df   Thumb Code     0  startup_gd32f450.o(.text)
    USBHS_IRQHandler                         0x080001df   Thumb Code     0  startup_gd32f450.o(.text)
    USBHS_WKUP_IRQHandler                    0x080001df   Thumb Code     0  startup_gd32f450.o(.text)
    WWDGT_IRQHandler                         0x080001df   Thumb Code     0  startup_gd32f450.o(.text)
    strcmp                                   0x080001e9   Thumb Code    28  strcmp.o(.text)
    __aeabi_uidiv                            0x08000205   Thumb Code     0  uidiv.o(.text)
    __aeabi_uidivmod                         0x08000205   Thumb Code    44  uidiv.o(.text)
    __aeabi_uldivmod                         0x08000231   Thumb Code    98  uldiv.o(.text)
    __I$use$fp                               0x08000293   Thumb Code     0  iusefp.o(.text)
    __aeabi_dadd                             0x08000293   Thumb Code   322  dadd.o(.text)
    __aeabi_dsub                             0x080003d5   Thumb Code     6  dadd.o(.text)
    __aeabi_drsub                            0x080003db   Thumb Code     6  dadd.o(.text)
    __aeabi_dmul                             0x080003e1   Thumb Code   228  dmul.o(.text)
    __aeabi_ddiv                             0x080004c5   Thumb Code   222  ddiv.o(.text)
    __aeabi_d2ulz                            0x080005a3   Thumb Code    48  dfixul.o(.text)
    __aeabi_cdrcmple                         0x080005d5   Thumb Code    48  cdrcmple.o(.text)
    __scatterload                            0x08000605   Thumb Code    28  init.o(.text)
    __scatterload_rt2                        0x08000605   Thumb Code     0  init.o(.text)
    __aeabi_llsl                             0x08000629   Thumb Code    30  llshl.o(.text)
    _ll_shift_l                              0x08000629   Thumb Code     0  llshl.o(.text)
    __aeabi_llsr                             0x08000647   Thumb Code    32  llushr.o(.text)
    _ll_ushift_r                             0x08000647   Thumb Code     0  llushr.o(.text)
    __aeabi_lasr                             0x08000667   Thumb Code    36  llsshr.o(.text)
    _ll_sshift_r                             0x08000667   Thumb Code     0  llsshr.o(.text)
    _double_round                            0x0800068b   Thumb Code    30  depilogue.o(.text)
    _double_epilogue                         0x080006a9   Thumb Code   156  depilogue.o(.text)
    BusFault_Handler                         0x08000745   Thumb Code     4  gd32f4xx_it.o(i.BusFault_Handler)
    DebugMon_Handler                         0x08000749   Thumb Code     2  gd32f4xx_it.o(i.DebugMon_Handler)
    HardFault_Handler                        0x0800074b   Thumb Code     4  gd32f4xx_it.o(i.HardFault_Handler)
    MemManage_Handler                        0x0800074f   Thumb Code     4  gd32f4xx_it.o(i.MemManage_Handler)
    NMI_Handler                              0x08000753   Thumb Code     2  gd32f4xx_it.o(i.NMI_Handler)
    PendSV_Handler                           0x0800077d   Thumb Code     2  gd32f4xx_it.o(i.PendSV_Handler)
    SVC_Handler                              0x0800077f   Thumb Code     2  gd32f4xx_it.o(i.SVC_Handler)
    SysTick_Handler                          0x08000781   Thumb Code     8  gd32f4xx_it.o(i.SysTick_Handler)
    SystemInit                               0x08000789   Thumb Code   168  system_gd32f4xx.o(i.SystemInit)
    UART4_IRQHandler                         0x08000841   Thumb Code    30  drv_uart.o(i.UART4_IRQHandler)
    UsageFault_Handler                       0x08000869   Thumb Code     4  gd32f4xx_it.o(i.UsageFault_Handler)
    __0printf                                0x0800086d   Thumb Code    22  printfa.o(i.__0printf)
    __1printf                                0x0800086d   Thumb Code     0  printfa.o(i.__0printf)
    __2printf                                0x0800086d   Thumb Code     0  printfa.o(i.__0printf)
    __c89printf                              0x0800086d   Thumb Code     0  printfa.o(i.__0printf)
    printf                                   0x0800086d   Thumb Code     0  printfa.o(i.__0printf)
    __scatterload_copy                       0x0800088d   Thumb Code    14  handlers.o(i.__scatterload_copy)
    __scatterload_null                       0x0800089b   Thumb Code     2  handlers.o(i.__scatterload_null)
    __scatterload_zeroinit                   0x0800089d   Thumb Code    14  handlers.o(i.__scatterload_zeroinit)
    add                                      0x08001139   Thumb Code    22  main.o(i.add)
    com_init                                 0x08001165   Thumb Code    22  drv_uart.o(i.com_init)
    delay_decrement                          0x08001185   Thumb Code    18  systick.o(i.delay_decrement)
    fputc                                    0x0800119d   Thumb Code    16  drv_uart.o(i.fputc)
    gd_eval_led_init                         0x080011ad   Thumb Code    70  gd32f450i_eval.o(i.gd_eval_led_init)
    gpio_af_set                              0x08001201   Thumb Code    94  gd32f4xx_gpio.o(i.gpio_af_set)
    gpio_mode_set                            0x0800125f   Thumb Code    78  gd32f4xx_gpio.o(i.gpio_mode_set)
    gpio_output_options_set                  0x080012ad   Thumb Code    66  gd32f4xx_gpio.o(i.gpio_output_options_set)
    main                                     0x080012ef   Thumb Code    30  main.o(i.main)
    nvic_irq_enable                          0x0800130d   Thumb Code   186  gd32f4xx_misc.o(i.nvic_irq_enable)
    nvic_priority_group_set                  0x080013d1   Thumb Code    10  gd32f4xx_misc.o(i.nvic_priority_group_set)
    rcu_clock_freq_get                       0x080013e5   Thumb Code   264  gd32f4xx_rcu.o(i.rcu_clock_freq_get)
    rcu_periph_clock_enable                  0x08001509   Thumb Code    32  gd32f4xx_rcu.o(i.rcu_periph_clock_enable)
    rcu_periph_reset_disable                 0x0800152d   Thumb Code    32  gd32f4xx_rcu.o(i.rcu_periph_reset_disable)
    rcu_periph_reset_enable                  0x08001551   Thumb Code    32  gd32f4xx_rcu.o(i.rcu_periph_reset_enable)
    shellAnsi                                0x0800159d   Thumb Code   168  shell.o(i.shellAnsi)
    shellClear                               0x0800170d   Thumb Code    24  shell.o(i.shellClear)
    shellDisplay                             0x08001779   Thumb Code    44  shell.o(i.shellDisplay)
    shellExtParsePara                        0x08001c35   Thumb Code    64  shell_ext.o(i.shellExtParsePara)
    shellExtRun                              0x08001cbf   Thumb Code   340  shell_ext.o(i.shellExtRun)
    shellGetCurrent                          0x08001e49   Thumb Code    48  shell.o(i.shellGetCurrent)
    shellHandler                             0x08001e7d   Thumb Code   176  shell.o(i.shellHandler)
    shellHelp                                0x08001f31   Thumb Code   194  shell.o(i.shellHelp)
    shellInit                                0x08002159   Thumb Code   108  shell.o(i.shellInit)
    systick_config                           0x080024f1   Thumb Code    74  systick.o(i.systick_config)
    usart_baudrate_set                       0x08002561   Thumb Code   224  gd32f4xx_usart.o(i.usart_baudrate_set)
    usart_data_receive                       0x08002649   Thumb Code    10  gd32f4xx_usart.o(i.usart_data_receive)
    usart_data_transmit                      0x08002653   Thumb Code     8  gd32f4xx_usart.o(i.usart_data_transmit)
    usart_deinit                             0x0800265d   Thumb Code   210  gd32f4xx_usart.o(i.usart_deinit)
    usart_enable                             0x08002739   Thumb Code    10  gd32f4xx_usart.o(i.usart_enable)
    usart_flag_get                           0x08002743   Thumb Code    30  gd32f4xx_usart.o(i.usart_flag_get)
    usart_interrupt_enable                   0x0800280d   Thumb Code    26  gd32f4xx_usart.o(i.usart_interrupt_enable)
    usart_receive_config                     0x08002827   Thumb Code    16  gd32f4xx_usart.o(i.usart_receive_config)
    usart_transmit_config                    0x08002837   Thumb Code    16  gd32f4xx_usart.o(i.usart_transmit_config)
    shellCmdadd                              0x08002846   Data           4  main.o(.constdata)
    shellDescadd                             0x0800284a   Data           8  main.o(.constdata)
    shellDefaultKeyFunctionList              0x08002854   Data          48  shell.o(.constdata)
    shellCmdhelp                             0x08002884   Data           5  shell.o(.constdata)
    shellDeschelp                            0x08002889   Data          13  shell.o(.constdata)
    shellHelphelp                            0x08002896   Data          43  shell.o(.constdata)
    shellCmdcls                              0x080028c1   Data           4  shell.o(.constdata)
    shellDesccls                             0x080028c5   Data          19  shell.o(.constdata)
    Region$$Table$$Base                      0x08002af0   Number         0  anon$$obj.o(Region$$Table)
    Region$$Table$$Limit                     0x08002b10   Number         0  anon$$obj.o(Region$$Table)
    shellCommand$$Base                       0x08002b10   Number         0  main.o(shellCommand)
    shellCommandadd                          0x08002b10   Data          16  main.o(shellCommand)
    shellCommandhelp                         0x08002b20   Data          16  shell.o(shellCommand)
    shellCommandcls                          0x08002b30   Data          16  shell.o(shellCommand)
    shellCommand$$Limit                      0x08002b40   Number         0  shell.o(shellCommand)
    SystemCoreClock                          0x20000004   Data           4  system_gd32f4xx.o(.data)
    __stdout                                 0x20000090   Data           4  stdout.o(.data)
    shell                                    0x20000094   Data         376  drv_uart.o(.bss)
    shellBuffer                              0x2000020c   Data         512  drv_uart.o(.bss)
    __initial_sp                             0x20000820   Data           0  startup_gd32f450.o(STACK)



==============================================================================

Memory Map of the image

  Image Entry point : 0x080001ad

  Load Region LR_IROM1 (Base: 0x08000000, Size: 0x00002bd4, Max: 0x00200000, ABSOLUTE)

    Execution Region ER_IROM1 (Exec base: 0x08000000, Load base: 0x08000000, Size: 0x00002b40, Max: 0x00200000, ABSOLUTE)

    Exec Addr    Load Addr    Size         Type   Attr      Idx    E Section Name        Object

    0x08000000   0x08000000   0x000001ac   Data   RO         5865    RESET               startup_gd32f450.o
    0x080001ac   0x080001ac   0x00000000   Code   RO         6174  * .ARM.Collect$$$$00000000  mc_w.l(entry.o)
    0x080001ac   0x080001ac   0x00000004   Code   RO         6440    .ARM.Collect$$$$00000001  mc_w.l(entry2.o)
    0x080001b0   0x080001b0   0x00000004   Code   RO         6443    .ARM.Collect$$$$00000004  mc_w.l(entry5.o)
    0x080001b4   0x080001b4   0x00000000   Code   RO         6445    .ARM.Collect$$$$00000008  mc_w.l(entry7b.o)
    0x080001b4   0x080001b4   0x00000000   Code   RO         6447    .ARM.Collect$$$$0000000A  mc_w.l(entry8b.o)
    0x080001b4   0x080001b4   0x00000008   Code   RO         6448    .ARM.Collect$$$$0000000B  mc_w.l(entry9a.o)
    0x080001bc   0x080001bc   0x00000004   Code   RO         6455    .ARM.Collect$$$$0000000E  mc_w.l(entry12b.o)
    0x080001c0   0x080001c0   0x00000000   Code   RO         6450    .ARM.Collect$$$$0000000F  mc_w.l(entry10a.o)
    0x080001c0   0x080001c0   0x00000000   Code   RO         6452    .ARM.Collect$$$$00000011  mc_w.l(entry11a.o)
    0x080001c0   0x080001c0   0x00000004   Code   RO         6441    .ARM.Collect$$$$00002712  mc_w.l(entry2.o)
    0x080001c4   0x080001c4   0x00000024   Code   RO         5866    .text               startup_gd32f450.o
    0x080001e8   0x080001e8   0x0000001c   Code   RO         6177    .text               mc_w.l(strcmp.o)
    0x08000204   0x08000204   0x0000002c   Code   RO         6457    .text               mc_w.l(uidiv.o)
    0x08000230   0x08000230   0x00000062   Code   RO         6459    .text               mc_w.l(uldiv.o)
    0x08000292   0x08000292   0x00000000   Code   RO         6461    .text               mc_w.l(iusefp.o)
    0x08000292   0x08000292   0x0000014e   Code   RO         6462    .text               mf_w.l(dadd.o)
    0x080003e0   0x080003e0   0x000000e4   Code   RO         6464    .text               mf_w.l(dmul.o)
    0x080004c4   0x080004c4   0x000000de   Code   RO         6466    .text               mf_w.l(ddiv.o)
    0x080005a2   0x080005a2   0x00000030   Code   RO         6468    .text               mf_w.l(dfixul.o)
    0x080005d2   0x080005d2   0x00000002   PAD
    0x080005d4   0x080005d4   0x00000030   Code   RO         6470    .text               mf_w.l(cdrcmple.o)
    0x08000604   0x08000604   0x00000024   Code   RO         6472    .text               mc_w.l(init.o)
    0x08000628   0x08000628   0x0000001e   Code   RO         6474    .text               mc_w.l(llshl.o)
    0x08000646   0x08000646   0x00000020   Code   RO         6476    .text               mc_w.l(llushr.o)
    0x08000666   0x08000666   0x00000024   Code   RO         6478    .text               mc_w.l(llsshr.o)
    0x0800068a   0x0800068a   0x000000ba   Code   RO         6480    .text               mf_w.l(depilogue.o)
    0x08000744   0x08000744   0x00000004   Code   RO            3    i.BusFault_Handler  gd32f4xx_it.o
    0x08000748   0x08000748   0x00000002   Code   RO            4    i.DebugMon_Handler  gd32f4xx_it.o
    0x0800074a   0x0800074a   0x00000004   Code   RO            5    i.HardFault_Handler  gd32f4xx_it.o
    0x0800074e   0x0800074e   0x00000004   Code   RO            6    i.MemManage_Handler  gd32f4xx_it.o
    0x08000752   0x08000752   0x00000002   Code   RO            7    i.NMI_Handler       gd32f4xx_it.o
    0x08000754   0x08000754   0x00000028   Code   RO          312    i.NVIC_SetPriority  systick.o
    0x0800077c   0x0800077c   0x00000002   Code   RO            8    i.PendSV_Handler    gd32f4xx_it.o
    0x0800077e   0x0800077e   0x00000002   Code   RO            9    i.SVC_Handler       gd32f4xx_it.o
    0x08000780   0x08000780   0x00000008   Code   RO           10    i.SysTick_Handler   gd32f4xx_it.o
    0x08000788   0x08000788   0x000000b8   Code   RO          356    i.SystemInit        system_gd32f4xx.o
    0x08000840   0x08000840   0x00000028   Code   RO         5930    i.UART4_IRQHandler  drv_uart.o
    0x08000868   0x08000868   0x00000004   Code   RO           11    i.UsageFault_Handler  gd32f4xx_it.o
    0x0800086c   0x0800086c   0x00000020   Code   RO         6412    i.__0printf         mc_w.l(printfa.o)
    0x0800088c   0x0800088c   0x0000000e   Code   RO         6484    i.__scatterload_copy  mc_w.l(handlers.o)
    0x0800089a   0x0800089a   0x00000002   Code   RO         6485    i.__scatterload_null  mc_w.l(handlers.o)
    0x0800089c   0x0800089c   0x0000000e   Code   RO         6486    i.__scatterload_zeroinit  mc_w.l(handlers.o)
    0x080008aa   0x080008aa   0x00000002   PAD
    0x080008ac   0x080008ac   0x00000184   Code   RO         6419    i._fp_digits        mc_w.l(printfa.o)
    0x08000a30   0x08000a30   0x000006b4   Code   RO         6420    i._printf_core      mc_w.l(printfa.o)
    0x080010e4   0x080010e4   0x00000024   Code   RO         6421    i._printf_post_padding  mc_w.l(printfa.o)
    0x08001108   0x08001108   0x0000002e   Code   RO         6422    i._printf_pre_padding  mc_w.l(printfa.o)
    0x08001136   0x08001136   0x00000002   PAD
    0x08001138   0x08001138   0x0000002c   Code   RO          199    i.add               main.o
    0x08001164   0x08001164   0x00000020   Code   RO         5931    i.com_init          drv_uart.o
    0x08001184   0x08001184   0x00000018   Code   RO          314    i.delay_decrement   systick.o
    0x0800119c   0x0800119c   0x00000010   Code   RO         5932    i.fputc             drv_uart.o
    0x080011ac   0x080011ac   0x00000054   Code   RO         5875    i.gd_eval_led_init  gd32f450i_eval.o
    0x08001200   0x08001200   0x0000005e   Code   RO          871    i.gpio_af_set       gd32f4xx_gpio.o
    0x0800125e   0x0800125e   0x0000004e   Code   RO          879    i.gpio_mode_set     gd32f4xx_gpio.o
    0x080012ac   0x080012ac   0x00000042   Code   RO          881    i.gpio_output_options_set  gd32f4xx_gpio.o
    0x080012ee   0x080012ee   0x0000001e   Code   RO          200    i.main              main.o
    0x0800130c   0x0800130c   0x000000c4   Code   RO         4059    i.nvic_irq_enable   gd32f4xx_misc.o
    0x080013d0   0x080013d0   0x00000014   Code   RO         4060    i.nvic_priority_group_set  gd32f4xx_misc.o
    0x080013e4   0x080013e4   0x00000124   Code   RO         1282    i.rcu_clock_freq_get  gd32f4xx_rcu.o
    0x08001508   0x08001508   0x00000024   Code   RO         1301    i.rcu_periph_clock_enable  gd32f4xx_rcu.o
    0x0800152c   0x0800152c   0x00000024   Code   RO         1304    i.rcu_periph_reset_disable  gd32f4xx_rcu.o
    0x08001550   0x08001550   0x00000024   Code   RO         1305    i.rcu_periph_reset_enable  gd32f4xx_rcu.o
    0x08001574   0x08001574   0x00000028   Code   RO         5973    i.shellAdd          shell.o
    0x0800159c   0x0800159c   0x000000a8   Code   RO         5974    i.shellAnsi         shell.o
    0x08001644   0x08001644   0x00000010   Code   RO         5975    i.shellAnsiStart    shell.o
    0x08001654   0x08001654   0x000000b8   Code   RO         5976    i.shellBackspace    shell.o
    0x0800170c   0x0800170c   0x00000024   Code   RO         5977    i.shellClear        shell.o
    0x08001730   0x08001730   0x00000028   Code   RO         5978    i.shellClearLine    shell.o
    0x08001758   0x08001758   0x00000020   Code   RO         5979    i.shellDelete       shell.o
    0x08001778   0x08001778   0x0000002c   Code   RO         5980    i.shellDisplay      shell.o
    0x080017a4   0x080017a4   0x0000001a   Code   RO         5981    i.shellDisplayByte  shell.o
    0x080017be   0x080017be   0x00000002   PAD
    0x080017c0   0x080017c0   0x00000068   Code   RO         5982    i.shellDisplayItem  shell.o
    0x08001828   0x08001828   0x00000024   Code   RO         5983    i.shellDisplayReturn  shell.o
    0x0800184c   0x0800184c   0x000000cc   Code   RO         5984    i.shellDisplayValue  shell.o
    0x08001918   0x08001918   0x00000190   Code   RO         5985    i.shellEnter        shell.o
    0x08001aa8   0x08001aa8   0x00000058   Code   RO         6131    i.shellExtNumType   shell_ext.o
    0x08001b00   0x08001b00   0x00000046   Code   RO         6132    i.shellExtParseChar  shell_ext.o
    0x08001b46   0x08001b46   0x00000002   PAD
    0x08001b48   0x08001b48   0x000000ec   Code   RO         6133    i.shellExtParseNumber  shell_ext.o
    0x08001c34   0x08001c34   0x00000040   Code   RO         6134    i.shellExtParsePara  shell_ext.o
    0x08001c74   0x08001c74   0x0000004a   Code   RO         6135    i.shellExtParseString  shell_ext.o
    0x08001cbe   0x08001cbe   0x00000154   Code   RO         6136    i.shellExtRun       shell_ext.o
    0x08001e12   0x08001e12   0x00000036   Code   RO         6137    i.shellExtToNum     shell_ext.o
    0x08001e48   0x08001e48   0x00000034   Code   RO         5986    i.shellGetCurrent   shell.o
    0x08001e7c   0x08001e7c   0x000000b4   Code   RO         5987    i.shellHandler      shell.o
    0x08001f30   0x08001f30   0x000000e0   Code   RO         5988    i.shellHelp         shell.o
    0x08002010   0x08002010   0x000000cc   Code   RO         5989    i.shellHistory      shell.o
    0x080020dc   0x080020dc   0x0000007a   Code   RO         5990    i.shellHistoryAdd   shell.o
    0x08002156   0x08002156   0x00000002   PAD
    0x08002158   0x08002158   0x00000084   Code   RO         5991    i.shellInit         shell.o
    0x080021dc   0x080021dc   0x000000cc   Code   RO         5992    i.shellNormal       shell.o
    0x080022a8   0x080022a8   0x0000002c   Code   RO         5995    i.shellStringCompare  shell.o
    0x080022d4   0x080022d4   0x00000018   Code   RO         5996    i.shellStringCopy   shell.o
    0x080022ec   0x080022ec   0x00000100   Code   RO         5997    i.shellTab          shell.o
    0x080023ec   0x080023ec   0x000000fc   Code   RO          357    i.system_clock_200m_25m_hxtal  system_gd32f4xx.o
    0x080024e8   0x080024e8   0x00000008   Code   RO          358    i.system_clock_config  system_gd32f4xx.o
    0x080024f0   0x080024f0   0x00000050   Code   RO          315    i.systick_config    systick.o
    0x08002540   0x08002540   0x00000020   Code   RO         5933    i.uart_send_string  drv_uart.o
    0x08002560   0x08002560   0x000000e8   Code   RO         5466    i.usart_baudrate_set  gd32f4xx_usart.o
    0x08002648   0x08002648   0x0000000a   Code   RO         5470    i.usart_data_receive  gd32f4xx_usart.o
    0x08002652   0x08002652   0x00000008   Code   RO         5471    i.usart_data_transmit  gd32f4xx_usart.o
    0x0800265a   0x0800265a   0x00000002   PAD
    0x0800265c   0x0800265c   0x000000dc   Code   RO         5472    i.usart_deinit      gd32f4xx_usart.o
    0x08002738   0x08002738   0x0000000a   Code   RO         5476    i.usart_enable      gd32f4xx_usart.o
    0x08002742   0x08002742   0x0000001e   Code   RO         5478    i.usart_flag_get    gd32f4xx_usart.o
    0x08002760   0x08002760   0x000000ac   Code   RO         5934    i.usart_init        drv_uart.o
    0x0800280c   0x0800280c   0x0000001a   Code   RO         5486    i.usart_interrupt_enable  gd32f4xx_usart.o
    0x08002826   0x08002826   0x00000010   Code   RO         5503    i.usart_receive_config  gd32f4xx_usart.o
    0x08002836   0x08002836   0x00000010   Code   RO         5518    i.usart_transmit_config  gd32f4xx_usart.o
    0x08002846   0x08002846   0x0000000c   Data   RO          201    .constdata          main.o
    0x08002852   0x08002852   0x00000002   PAD
    0x08002854   0x08002854   0x00000084   Data   RO         5999    .constdata          shell.o
    0x080028d8   0x080028d8   0x00000215   Data   RO         6000    .conststring        shell.o
    0x08002aed   0x08002aed   0x00000003   PAD
    0x08002af0   0x08002af0   0x00000020   Data   RO         6482    Region$$Table       anon$$obj.o
    0x08002b10   0x08002b10   0x00000010   Data   RO          202    shellCommand        main.o
    0x08002b20   0x08002b20   0x00000020   Data   RO         6002    shellCommand        shell.o


    Execution Region RW_IRAM1 (Exec base: 0x20000000, Load base: 0x08002b40, Size: 0x00000820, Max: 0x00070000, ABSOLUTE)

    Exec Addr    Load Addr    Size         Type   Attr      Idx    E Section Name        Object

    0x20000000   0x08002b40   0x00000004   Data   RW          316    .data               systick.o
    0x20000004   0x08002b44   0x00000004   Data   RW          359    .data               system_gd32f4xx.o
    0x20000008   0x08002b48   0x00000061   Data   RW         5879    .data               gd32f450i_eval.o
    0x20000069   0x08002ba9   0x00000003   PAD
    0x2000006c   0x08002bac   0x00000024   Data   RW         6001    .data               shell.o
    0x20000090   0x08002bd0   0x00000004   Data   RW         6456    .data               mc_w.l(stdout.o)
    0x20000094        -       0x00000378   Zero   RW         5935    .bss                drv_uart.o
    0x2000040c        -       0x00000014   Zero   RW         5998    .bss                shell.o
    0x20000420        -       0x00000400   Zero   RW         5863    STACK               startup_gd32f450.o


==============================================================================

Image component sizes


      Code (inc. data)   RO Data    RW Data    ZI Data      Debug   Object Name

       292         36          0          0        888       4654   drv_uart.o
        84         14          0         97          0       1971   gd32f450i_eval.o
       238          0          0          0          0       3020   gd32f4xx_gpio.o
        32          0          0          0          0      52262   gd32f4xx_it.o
       216         20          0          0          0       1852   gd32f4xx_misc.o
       400         40          0          0          0       4472   gd32f4xx_rcu.o
       568         18          0          0          0       7759   gd32f4xx_usart.o
        74         22         28          0          0      15040   main.o
      2772        160        697         36         20      23212   shell.o
       926         14          0          0          0       6666   shell_ext.o
        36          8        428          0       1024       1040   startup_gd32f450.o
       444         28          0          4          0       3619   system_gd32f4xx.o
       144         20          0          4          0      29446   systick.o

    ----------------------------------------------------------------------
      6234        380       1190        144       1932     155013   Object Totals
         0          0         32          0          0          0   (incl. Generated)
         8          0          5          3          0          0   (incl. Padding)

    ----------------------------------------------------------------------

      Code (inc. data)   RO Data    RW Data    ZI Data      Debug   Library Member Name

         0          0          0          0          0          0   entry.o
         0          0          0          0          0          0   entry10a.o
         0          0          0          0          0          0   entry11a.o
         4          0          0          0          0          0   entry12b.o
         8          4          0          0          0          0   entry2.o
         4          0          0          0          0          0   entry5.o
         0          0          0          0          0          0   entry7b.o
         0          0          0          0          0          0   entry8b.o
         8          4          0          0          0          0   entry9a.o
        30          0          0          0          0          0   handlers.o
        36          8          0          0          0         68   init.o
         0          0          0          0          0          0   iusefp.o
        30          0          0          0          0         68   llshl.o
        36          0          0          0          0         68   llsshr.o
        32          0          0          0          0         68   llushr.o
      2218         90          0          0          0        464   printfa.o
         0          0          0          4          0          0   stdout.o
        28          0          0          0          0         76   strcmp.o
        44          0          0          0          0         80   uidiv.o
        98          0          0          0          0         92   uldiv.o
        48          0          0          0          0         68   cdrcmple.o
       334          0          0          0          0        148   dadd.o
       222          0          0          0          0        100   ddiv.o
       186          0          0          0          0        176   depilogue.o
        48          0          0          0          0         68   dfixul.o
       228          0          0          0          0         96   dmul.o

    ----------------------------------------------------------------------
      3648        106          0          4          0       1640   Library Totals
         6          0          0          0          0          0   (incl. Padding)

    ----------------------------------------------------------------------

      Code (inc. data)   RO Data    RW Data    ZI Data      Debug   Library Name

      2576        106          0          4          0        984   mc_w.l
      1066          0          0          0          0        656   mf_w.l

    ----------------------------------------------------------------------
      3648        106          0          4          0       1640   Library Totals

    ----------------------------------------------------------------------

==============================================================================


      Code (inc. data)   RO Data    RW Data    ZI Data      Debug   

      9882        486       1190        148       1932     149425   Grand Totals
      9882        486       1190        148       1932     149425   ELF Image Totals
      9882        486       1190        148          0          0   ROM Totals

==============================================================================

    Total RO  Size (Code + RO Data)                11072 (  10.81kB)
    Total RW  Size (RW Data + ZI Data)              2080 (   2.03kB)
    Total ROM Size (Code + RO Data + RW Data)      11220 (  10.96kB)

==============================================================================

